Archive member included to satisfy reference by file (symbol)

/usr/lib/gcc/arm-none-eabi/7.3.1/thumb/v6-m/libgcc.a(_dvmd_tls.o)
                              CMakeFiles/cpicom.dir/home/kevin/lib/pico/pico-sdk/src/rp2_common/pico_divider/divider.S.obj (__aeabi_idiv0)
/usr/lib/gcc/arm-none-eabi/7.3.1/../../../arm-none-eabi/lib/thumb/v6-m/libc.a(lib_a-atexit.o)
                              /usr/lib/gcc/arm-none-eabi/7.3.1/../../../arm-none-eabi/lib/thumb/v6-m/crt0.o (atexit)
/usr/lib/gcc/arm-none-eabi/7.3.1/../../../arm-none-eabi/lib/thumb/v6-m/libc.a(lib_a-atoi.o)
                              CMakeFiles/cpicom.dir/shell/src/cmd_log.c.obj (atoi)
/usr/lib/gcc/arm-none-eabi/7.3.1/../../../arm-none-eabi/lib/thumb/v6-m/libc.a(lib_a-calloc.o)
                              CMakeFiles/cpicom.dir/home/kevin/lib/pico/pico-sdk/src/rp2_common/pico_malloc/pico_malloc.c.obj (calloc)
/usr/lib/gcc/arm-none-eabi/7.3.1/../../../arm-none-eabi/lib/thumb/v6-m/libc.a(lib_a-callocr.o)
                              /usr/lib/gcc/arm-none-eabi/7.3.1/../../../arm-none-eabi/lib/thumb/v6-m/libc.a(lib_a-calloc.o) (_calloc_r)
/usr/lib/gcc/arm-none-eabi/7.3.1/../../../arm-none-eabi/lib/thumb/v6-m/libc.a(lib_a-ctype_.o)
                              CMakeFiles/cpicom.dir/console/src/console_stdio_vt100.c.obj (_ctype_)
/usr/lib/gcc/arm-none-eabi/7.3.1/../../../arm-none-eabi/lib/thumb/v6-m/libc.a(lib_a-errno.o)
                              CMakeFiles/cpicom.dir/files/src/compat.c.obj (__errno)
/usr/lib/gcc/arm-none-eabi/7.3.1/../../../arm-none-eabi/lib/thumb/v6-m/libc.a(lib_a-fflush.o)
                              CMakeFiles/cpicom.dir/console/src/console_stdio_vt100.c.obj (fflush)
/usr/lib/gcc/arm-none-eabi/7.3.1/../../../arm-none-eabi/lib/thumb/v6-m/libc.a(lib_a-findfp.o)
                              /usr/lib/gcc/arm-none-eabi/7.3.1/../../../arm-none-eabi/lib/thumb/v6-m/libc.a(lib_a-fflush.o) (__sinit)
/usr/lib/gcc/arm-none-eabi/7.3.1/../../../arm-none-eabi/lib/thumb/v6-m/libc.a(lib_a-fini.o)
                              /usr/lib/gcc/arm-none-eabi/7.3.1/../../../arm-none-eabi/lib/thumb/v6-m/crt0.o (__libc_fini_array)
/usr/lib/gcc/arm-none-eabi/7.3.1/../../../arm-none-eabi/lib/thumb/v6-m/libc.a(lib_a-freer.o)
                              /usr/lib/gcc/arm-none-eabi/7.3.1/../../../arm-none-eabi/lib/thumb/v6-m/libc.a(lib_a-fflush.o) (_free_r)
/usr/lib/gcc/arm-none-eabi/7.3.1/../../../arm-none-eabi/lib/thumb/v6-m/libc.a(lib_a-fwalk.o)
                              /usr/lib/gcc/arm-none-eabi/7.3.1/../../../arm-none-eabi/lib/thumb/v6-m/libc.a(lib_a-findfp.o) (_fwalk)
/usr/lib/gcc/arm-none-eabi/7.3.1/../../../arm-none-eabi/lib/thumb/v6-m/libc.a(lib_a-impure.o)
                              /usr/lib/gcc/arm-none-eabi/7.3.1/../../../arm-none-eabi/lib/thumb/v6-m/libc.a(lib_a-fflush.o) (_global_impure_ptr)
/usr/lib/gcc/arm-none-eabi/7.3.1/../../../arm-none-eabi/lib/thumb/v6-m/libc.a(lib_a-init.o)
                              /usr/lib/gcc/arm-none-eabi/7.3.1/../../../arm-none-eabi/lib/thumb/v6-m/crt0.o (__libc_init_array)
/usr/lib/gcc/arm-none-eabi/7.3.1/../../../arm-none-eabi/lib/thumb/v6-m/libc.a(lib_a-lcltime.o)
                              CMakeFiles/cpicom.dir/cpm/src/bios.c.obj (localtime)
/usr/lib/gcc/arm-none-eabi/7.3.1/../../../arm-none-eabi/lib/thumb/v6-m/libc.a(lib_a-lcltime_r.o)
                              /usr/lib/gcc/arm-none-eabi/7.3.1/../../../arm-none-eabi/lib/thumb/v6-m/libc.a(lib_a-lcltime.o) (localtime_r)
/usr/lib/gcc/arm-none-eabi/7.3.1/../../../arm-none-eabi/lib/thumb/v6-m/libc.a(lib_a-malloc.o)
                              CMakeFiles/cpicom.dir/home/kevin/lib/pico/pico-sdk/src/rp2_common/pico_malloc/pico_malloc.c.obj (malloc)
/usr/lib/gcc/arm-none-eabi/7.3.1/../../../arm-none-eabi/lib/thumb/v6-m/libc.a(lib_a-mallocr.o)
                              /usr/lib/gcc/arm-none-eabi/7.3.1/../../../arm-none-eabi/lib/thumb/v6-m/libc.a(lib_a-callocr.o) (_malloc_r)
/usr/lib/gcc/arm-none-eabi/7.3.1/../../../arm-none-eabi/lib/thumb/v6-m/libc.a(lib_a-memcmp.o)
                              CMakeFiles/cpicom.dir/files/src/lfs.c.obj (memcmp)
/usr/lib/gcc/arm-none-eabi/7.3.1/../../../arm-none-eabi/lib/thumb/v6-m/libc.a(lib_a-mlock.o)
                              /usr/lib/gcc/arm-none-eabi/7.3.1/../../../arm-none-eabi/lib/thumb/v6-m/libc.a(lib_a-freer.o) (__malloc_lock)
/usr/lib/gcc/arm-none-eabi/7.3.1/../../../arm-none-eabi/lib/thumb/v6-m/libc.a(lib_a-month_lengths.o)
                              /usr/lib/gcc/arm-none-eabi/7.3.1/../../../arm-none-eabi/lib/thumb/v6-m/libc.a(lib_a-lcltime_r.o) (__month_lengths)
/usr/lib/gcc/arm-none-eabi/7.3.1/../../../arm-none-eabi/lib/thumb/v6-m/libc.a(lib_a-qsort_r.o)
                              CMakeFiles/cpicom.dir/klib/src/list.c.obj (qsort_r)
/usr/lib/gcc/arm-none-eabi/7.3.1/../../../arm-none-eabi/lib/thumb/v6-m/libc.a(lib_a-realloc.o)
                              CMakeFiles/cpicom.dir/klib/src/string.c.obj (realloc)
[...]
Memory Configuration

Name             Origin             Length             Attributes
FLASH            0x0000000010000000 0x0000000000200000 xr
RAM              0x0000000020000000 0x0000000000040000 xrw
SCRATCH_X        0x0000000020040000 0x0000000000001000 xrw
SCRATCH_Y        0x0000000020041000 0x0000000000001000 xrw
*default*        0x0000000000000000 0xffffffffffffffff

Linker script and memory map

LOAD /usr/lib/gcc/arm-none-eabi/7.3.1/thumb/v6-m/crti.o
LOAD /usr/lib/gcc/arm-none-eabi/7.3.1/thumb/v6-m/crtbegin.o
LOAD /usr/lib/gcc/arm-none-eabi/7.3.1/../../../arm-none-eabi/lib/thumb/v6-m/crt0.o

.flash_begin    0x0000000010000000        0x0
                0x0000000010000000                __flash_binary_start = .

.boot2          0x0000000010000000      0x100
                0x0000000010000000                __boot2_start__ = .
 *(.boot2)
 .boot2         0x0000000010000000      0x100 /tmp/ccfQvCzC.o
                0x0000000010000100                __boot2_end__ = .
                0x0000000000000001                ASSERT (((__boot2_end__ - __boot2_start__) == 0x100), ERROR: Pico second stage bootloader must be 256 bytes in size)

.text           0x0000000010000100    0x2cd58
                0x0000000010000100                __logical_binary_start = .
 *(.vectors)
 .vectors       0x0000000010000100       0xd4 CMakeFiles/cpicom.dir/home/kevin/lib/pico/pico-sdk/src/rp2_common/pico_standard_link/crt0.S.obj
                0x0000000010000100                __vectors
                0x00000000100001c0                isr_invalid
                0x00000000100001c2                isr_nmi
                0x00000000100001c4                isr_hardfault
                0x00000000100001c6                isr_svcall
                0x00000000100001c8                isr_pendsv
                0x00000000100001ca                isr_systick
                0x00000000100001cc                isr_irq30
                0x00000000100001cc                __unhandled_user_irq
                0x00000000100001cc                isr_irq13
                0x00000000100001cc                isr_irq27
                0x00000000100001cc                isr_irq31
                0x00000000100001cc                isr_irq5
                0x00000000100001cc                isr_irq11
                0x00000000100001cc                isr_irq23
                0x00000000100001cc                isr_irq18
                0x00000000100001cc                isr_irq28
                0x00000000100001cc                isr_irq19
                0x00000000100001cc                isr_irq0
                0x00000000100001cc                isr_irq6
                0x00000000100001cc                isr_irq22
                0x00000000100001cc                isr_irq17
                0x00000000100001cc                isr_irq14
                0x00000000100001cc                isr_irq2
                0x00000000100001cc                isr_irq10
                0x00000000100001cc                isr_irq8
                0x00000000100001cc                isr_irq24
                0x00000000100001cc                isr_irq1
                0x00000000100001cc                isr_irq7
                0x00000000100001cc                isr_irq21
                0x00000000100001cc                isr_irq20
                0x00000000100001cc                isr_irq15
                0x00000000100001cc                isr_irq25
                0x00000000100001cc                isr_irq4
                0x00000000100001cc                isr_irq16
                0x00000000100001cc                isr_irq29
                0x00000000100001cc                isr_irq26
                0x00000000100001cc                isr_irq3
                0x00000000100001cc                isr_irq12
                0x00000000100001cc                isr_irq9
                0x00000000100001d2                unhandled_user_irq_num_in_r0
 *(.binary_info_header)
 .binary_info_header
                0x00000000100001d4       0x14 CMakeFiles/cpicom.dir/home/kevin/lib/pico/pico-sdk/src/rp2_common/pico_standard_link/crt0.S.obj
                0x00000000100001e8                __binary_info_header_end = .
 *(.reset)
 .reset         0x00000000100001e8       0xa8 CMakeFiles/cpicom.dir/home/kevin/lib/pico/pico-sdk/src/rp2_common/pico_standard_link/crt0.S.obj
                0x00000000100001e8                _entry_point
                0x0000000010000266                __get_current_exception
 .reset         0x0000000010000290       0x30 CMakeFiles/cpicom.dir/home/kevin/lib/pico/pico-sdk/src/rp2_common/pico_standard_link/binary_info.c.obj
 *(.init)
 .init          0x00000000100002c0        0x4 /usr/lib/gcc/arm-none-eabi/7.3.1/thumb/v6-m/crti.o
                0x00000000100002c0                _init
 *(EXCLUDE_FILE(*libm.a: *libc.a:*lib_a-mem*.o *libgcc.a:) .text*)
 .text          0x00000000100002c4       0x98 /usr/lib/gcc/arm-none-eabi/7.3.1/thumb/v6-m/crtbegin.o
 .text.log_set_console
                0x000000001000035c       0x1c CMakeFiles/cpicom.dir/log/src/log.c.obj
                0x000000001000035c                log_set_console
 .text.log_set_level
                0x0000000010000378       0x28 CMakeFiles/cpicom.dir/log/src/log.c.obj
                0x0000000010000378                log_set_level
 .text.log_error
                0x00000000100003a0       0x5c CMakeFiles/cpicom.dir/log/src/log.c.obj
                0x00000000100003a0                log_error
 .text.log_debug
                0x00000000100003fc       0x68 CMakeFiles/cpicom.dir/log/src/log.c.obj
                0x00000000100003fc                log_debug
 .text.log_warn
                0x0000000010000464       0x68 CMakeFiles/cpicom.dir/log/src/log.c.obj
                0x0000000010000464                log_warn
 .text.log_info
                0x00000000100004cc       0x68 CMakeFiles/cpicom.dir/log/src/log.c.obj
                0x00000000100004cc                log_info
 .text.error_strerror
                0x0000000010000534      0x12c CMakeFiles/cpicom.dir/error/src/error.c.obj
                0x0000000010000534                error_strerror
 .text.consolestdiovt100_create
                0x0000000010000660       0x26 CMakeFiles/cpicom.dir/console/src/console_stdio_vt100.c.obj
                0x0000000010000660                consolestdiovt100_create
 .text.consolestdiovt100_destroy
                0x0000000010000686       0x1e CMakeFiles/cpicom.dir/console/src/console_stdio_vt100.c.obj
                0x0000000010000686                consolestdiovt100_destroy
 .text.consolestdiovt100_out_string
                0x00000000100006a4       0x3c CMakeFiles/cpicom.dir/console/src/console_stdio_vt100.c.obj
                0x00000000100006a4                consolestdiovt100_out_string
 .text.consolestdiovt100_out_string_v
                0x00000000100006e0       0x30 CMakeFiles/cpicom.dir/console/src/console_stdio_vt100.c.obj
                0x00000000100006e0                consolestdiovt100_out_string_v
 .text.consolestdiovt100_out_endl
                0x0000000010000710       0x1c CMakeFiles/cpicom.dir/console/src/console_stdio_vt100.c.obj
                0x0000000010000710                consolestdiovt100_out_endl
 .text.consolestdiovt100_peek_char
                0x000000001000072c       0xb4 CMakeFiles/cpicom.dir/console/src/console_stdio_vt100.c.obj
                0x000000001000072c                consolestdiovt100_peek_char
 .text.consolestdiovt100_out_char
                0x00000000100007e0       0x1a CMakeFiles/cpicom.dir/console/src/console_stdio_vt100.c.obj
                0x00000000100007e0                consolestdiovt100_out_char
 *fill*         0x00000000100007fa        0x2 
 .text.consolestdiovt100_get_char
                0x00000000100007fc       0x30 CMakeFiles/cpicom.dir/console/src/console_stdio_vt100.c.obj
                0x00000000100007fc                consolestdiovt100_get_char
 .text.consolestdiovt100_get_char_timeout
                0x000000001000082c       0x58 CMakeFiles/cpicom.dir/console/src/console_stdio_vt100.c.obj
                0x000000001000082c                consolestdiovt100_get_char_timeout
 .text.consolestdiovt100_get_key
                0x0000000010000884      0x2dc CMakeFiles/cpicom.dir/console/src/console_stdio_vt100.c.obj
                0x0000000010000884                consolestdiovt100_get_key
 .text.consolestdiovt100_add_line_to_history
                0x0000000010000b60       0xb4 CMakeFiles/cpicom.dir/console/src/console_stdio_vt100.c.obj
                0x0000000010000b60                consolestdiovt100_add_line_to_history
 .text.consolestdiovt100_get_line
                0x0000000010000c14      0xb64 CMakeFiles/cpicom.dir/console/src/console_stdio_vt100.c.obj
                0x0000000010000c14                consolestdiovt100_get_line
 .text.consolestdiovt100_set_interrupt_handler
                0x0000000010001778       0x24 CMakeFiles/cpicom.dir/console/src/console_stdio_vt100.c.obj
                0x0000000010001778                consolestdiovt100_set_interrupt_handler
 .text.consolestdiovt100_set_config
                0x000000001000179c       0x18 CMakeFiles/cpicom.dir/console/src/console_stdio_vt100.c.obj
                0x000000001000179c                consolestdiovt100_set_config
 .text.consolestdiovt100_get_params
                0x00000000100017b4       0x74 CMakeFiles/cpicom.dir/console/src/console_stdio_vt100.c.obj
                0x00000000100017b4                consolestdiovt100_get_params
 .text.compat_get_drive
                0x0000000010001828       0x7c CMakeFiles/cpicom.dir/files/src/compat.c.obj
                0x0000000010001828                compat_get_drive
 .text.compat_get_drive_no_default
                0x00000000100018a4       0x78 CMakeFiles/cpicom.dir/files/src/compat.c.obj
                0x00000000100018a4                compat_get_drive_no_default
 .text.compat_get_path
                0x000000001000191c       0x2c CMakeFiles/cpicom.dir/files/src/compat.c.obj
                0x000000001000191c                compat_get_path
 .text.compat_split_drive_name_ext_83
                0x0000000010001948       0xce CMakeFiles/cpicom.dir/files/src/compat.c.obj
                0x0000000010001948                compat_split_drive_name_ext_83
 *fill*         0x0000000010001a16        0x2 
 .text.my_unlink
                0x0000000010001a18       0xd4 CMakeFiles/cpicom.dir/files/src/compat.c.obj
                0x0000000010001a18                my_unlink
 .text.my_open  0x0000000010001aec      0x170 CMakeFiles/cpicom.dir/files/src/compat.c.obj
                0x0000000010001aec                my_open
 .text.my_close
                0x0000000010001c5c       0x1a CMakeFiles/cpicom.dir/files/src/compat.c.obj
                0x0000000010001c5c                my_close
 .text.my_write
                0x0000000010001c76       0x22 CMakeFiles/cpicom.dir/files/src/compat.c.obj
                0x0000000010001c76                my_write
 .text.my_read  0x0000000010001c98       0x22 CMakeFiles/cpicom.dir/files/src/compat.c.obj
                0x0000000010001c98                my_read
 *fill*         0x0000000010001cba        0x2 
 .text.my_fnmatch
                0x0000000010001cbc      0x574 CMakeFiles/cpicom.dir/files/src/compat.c.obj
                0x0000000010001cbc                my_fnmatch
 .text.shell_glob_match
                0x0000000010002230       0x26 CMakeFiles/cpicom.dir/files/src/compat.c.obj
                0x0000000010002230                shell_glob_match
 *fill*         0x0000000010002256        0x2 
 .text.compat_globber
                0x0000000010002258      0x24c CMakeFiles/cpicom.dir/files/src/compat.c.obj
                0x0000000010002258                compat_globber
 .text.my_opendir
                0x00000000100024a4       0xa8 CMakeFiles/cpicom.dir/files/src/compat.c.obj
                0x00000000100024a4                my_opendir
 .text.my_closedir
                0x000000001000254c       0x42 CMakeFiles/cpicom.dir/files/src/compat.c.obj
                0x000000001000254c                my_closedir
 .text.my_readdir
                0x000000001000258e       0x1a CMakeFiles/cpicom.dir/files/src/compat.c.obj
                0x000000001000258e                my_readdir
 .text.my_lseek
                0x00000000100025a8       0x22 CMakeFiles/cpicom.dir/files/src/compat.c.obj
                0x00000000100025a8                my_lseek
 .text.my_ftruncate
                0x00000000100025ca       0x36 CMakeFiles/cpicom.dir/files/src/compat.c.obj
                0x00000000100025ca                my_ftruncate
 .text.my_fprintferr
                0x0000000010002600       0x2a CMakeFiles/cpicom.dir/files/src/compat.c.obj
                0x0000000010002600                my_fprintferr
 *fill*         0x000000001000262a        0x2 
 .text.my_fopen
                0x000000001000262c      0x170 CMakeFiles/cpicom.dir/files/src/compat.c.obj
                0x000000001000262c                my_fopen
 .text.my_fwrite
                0x000000001000279c       0x44 CMakeFiles/cpicom.dir/files/src/compat.c.obj
                0x000000001000279c                my_fwrite
 .text.my_fread
                0x00000000100027e0       0x44 CMakeFiles/cpicom.dir/files/src/compat.c.obj
                0x00000000100027e0                my_fread
 .text.my_fclose
                0x0000000010002824       0x2c CMakeFiles/cpicom.dir/files/src/compat.c.obj
                0x0000000010002824                my_fclose
 .text.my_ftell
                0x0000000010002850       0x24 CMakeFiles/cpicom.dir/files/src/compat.c.obj
                0x0000000010002850                my_ftell
 .text.my_fseek
                0x0000000010002874       0x34 CMakeFiles/cpicom.dir/files/src/compat.c.obj
                0x0000000010002874                my_fseek
 .text.my_putc  0x00000000100028a8       0x26 CMakeFiles/cpicom.dir/files/src/compat.c.obj
                0x00000000100028a8                my_putc
 .text.my_fflush
                0x00000000100028ce       0x10 CMakeFiles/cpicom.dir/files/src/compat.c.obj
                0x00000000100028ce                my_fflush
 *fill*         0x00000000100028de        0x2 
 .text.my_rename
                0x00000000100028e0      0x1b0 CMakeFiles/cpicom.dir/files/src/compat.c.obj
                0x00000000100028e0                my_rename
 .text.filecontext_create
                0x0000000010002a90       0x2c CMakeFiles/cpicom.dir/files/src/filecontext.c.obj
                0x0000000010002a90                filecontext_create
 .text.filecontext_destroy
                0x0000000010002abc       0x26 CMakeFiles/cpicom.dir/files/src/filecontext.c.obj
                0x0000000010002abc                filecontext_destroy
 *fill*         0x0000000010002ae2        0x2 
 .text.filecontext_unmount
                0x0000000010002ae4       0x84 CMakeFiles/cpicom.dir/files/src/filecontext.c.obj
                0x0000000010002ae4                filecontext_unmount
 .text.filecontext_unmount_all
                0x0000000010002b68       0x54 CMakeFiles/cpicom.dir/files/src/filecontext.c.obj
                0x0000000010002b68                filecontext_unmount_all
 .text.filecontext_mount
                0x0000000010002bbc       0xa0 CMakeFiles/cpicom.dir/files/src/filecontext.c.obj
                0x0000000010002bbc                filecontext_mount
 .text.filecontext_format
                0x0000000010002c5c       0x78 CMakeFiles/cpicom.dir/files/src/filecontext.c.obj
                0x0000000010002c5c                filecontext_format
 .text.filecontext_find_free_file_slot
                0x0000000010002cd4       0x40 CMakeFiles/cpicom.dir/files/src/filecontext.c.obj
 .text.filecontext_delete
                0x0000000010002d14       0x6c CMakeFiles/cpicom.dir/files/src/filecontext.c.obj
                0x0000000010002d14                filecontext_delete
 .text.filecontext_open
                0x0000000010002d80      0x12c CMakeFiles/cpicom.dir/files/src/filecontext.c.obj
                0x0000000010002d80                filecontext_open
 .text.filecontext_close
                0x0000000010002eac       0xdc CMakeFiles/cpicom.dir/files/src/filecontext.c.obj
                0x0000000010002eac                filecontext_close
 .text.filecontext_write
                0x0000000010002f88       0xdc CMakeFiles/cpicom.dir/files/src/filecontext.c.obj
                0x0000000010002f88                filecontext_write
 .text.filecontext_read
                0x0000000010003064       0xdc CMakeFiles/cpicom.dir/files/src/filecontext.c.obj
                0x0000000010003064                filecontext_read
 .text.filecontext_opendir
                0x0000000010003140       0xb4 CMakeFiles/cpicom.dir/files/src/filecontext.c.obj
                0x0000000010003140                filecontext_opendir
 .text.filecontext_closedir
                0x00000000100031f4       0x90 CMakeFiles/cpicom.dir/files/src/filecontext.c.obj
                0x00000000100031f4                filecontext_closedir
 .text.filecontext_readdir
                0x0000000010003284       0x88 CMakeFiles/cpicom.dir/files/src/filecontext.c.obj
                0x0000000010003284                filecontext_readdir
 .text.filecontext_lseek
                0x000000001000330c       0xc0 CMakeFiles/cpicom.dir/files/src/filecontext.c.obj
                0x000000001000330c                filecontext_lseek
 .text.filecontext_size
                0x00000000100033cc       0x70 CMakeFiles/cpicom.dir/files/src/filecontext.c.obj
                0x00000000100033cc                filecontext_size
 .text.filecontext_fstat
                0x000000001000343c       0xc0 CMakeFiles/cpicom.dir/files/src/filecontext.c.obj
                0x000000001000343c                filecontext_fstat
 .text.filecontext_ftruncate
                0x00000000100034fc       0xb4 CMakeFiles/cpicom.dir/files/src/filecontext.c.obj
                0x00000000100034fc                filecontext_ftruncate
 .text.filecontext_rename
                0x00000000100035b0       0x84 CMakeFiles/cpicom.dir/files/src/filecontext.c.obj
                0x00000000100035b0                filecontext_rename
 .text.filecontext_dstatfs
                0x0000000010003634       0x80 CMakeFiles/cpicom.dir/files/src/filecontext.c.obj
                0x0000000010003634                filecontext_dstatfs
 .text.filecontext_global_get_current_drive
                0x00000000100036b4       0x18 CMakeFiles/cpicom.dir/files/src/filecontext.c.obj
                0x00000000100036b4                filecontext_global_get_current_drive
 .text.filecontext_global_set_current_drive
                0x00000000100036cc       0x3c CMakeFiles/cpicom.dir/files/src/filecontext.c.obj
                0x00000000100036cc                filecontext_global_set_current_drive
 .text.filecontext_global_open
                0x0000000010003708       0x34 CMakeFiles/cpicom.dir/files/src/filecontext.c.obj
                0x0000000010003708                filecontext_global_open
 .text.filecontext_global_close
                0x000000001000373c       0x24 CMakeFiles/cpicom.dir/files/src/filecontext.c.obj
                0x000000001000373c                filecontext_global_close
 .text.filecontext_global_write
                0x0000000010003760       0x28 CMakeFiles/cpicom.dir/files/src/filecontext.c.obj
                0x0000000010003760                filecontext_global_write
 .text.filecontext_global_read
                0x0000000010003788       0x28 CMakeFiles/cpicom.dir/files/src/filecontext.c.obj
                0x0000000010003788                filecontext_global_read
 .text.filecontext_global_delete
                0x00000000100037b0       0x2c CMakeFiles/cpicom.dir/files/src/filecontext.c.obj
                0x00000000100037b0                filecontext_global_delete
 .text.filecontext_global_opendir
                0x00000000100037dc       0x2c CMakeFiles/cpicom.dir/files/src/filecontext.c.obj
                0x00000000100037dc                filecontext_global_opendir
 .text.filecontext_global_closedir
                0x0000000010003808       0x24 CMakeFiles/cpicom.dir/files/src/filecontext.c.obj
                0x0000000010003808                filecontext_global_closedir
 .text.filecontext_global_readdir
                0x000000001000382c       0x24 CMakeFiles/cpicom.dir/files/src/filecontext.c.obj
                0x000000001000382c                filecontext_global_readdir
 .text.filecontext_global_lseek
                0x0000000010003850       0x28 CMakeFiles/cpicom.dir/files/src/filecontext.c.obj
                0x0000000010003850                filecontext_global_lseek
 .text.filecontext_global_size
                0x0000000010003878       0x2c CMakeFiles/cpicom.dir/files/src/filecontext.c.obj
                0x0000000010003878                filecontext_global_size
 .text.filecontext_global_fstat
                0x00000000100038a4       0x28 CMakeFiles/cpicom.dir/files/src/filecontext.c.obj
                0x00000000100038a4                filecontext_global_fstat
 .text.filecontext_global_ftruncate
                0x00000000100038cc       0x28 CMakeFiles/cpicom.dir/files/src/filecontext.c.obj
                0x00000000100038cc                filecontext_global_ftruncate
 .text.filecontext_global_rename
                0x00000000100038f4       0x34 CMakeFiles/cpicom.dir/files/src/filecontext.c.obj
                0x00000000100038f4                filecontext_global_rename
 .text.filecontext_global_dstatfs
                0x0000000010003928       0x2c CMakeFiles/cpicom.dir/files/src/filecontext.c.obj
                0x0000000010003928                filecontext_global_dstatfs
 .text.filecontext_global_format
                0x0000000010003954       0x2c CMakeFiles/cpicom.dir/files/src/filecontext.c.obj
                0x0000000010003954                filecontext_global_format
 .text.filesystemlfs_create
                0x0000000010003980       0x2c CMakeFiles/cpicom.dir/files/src/filesystemlfs.c.obj
                0x0000000010003980                filesystemlfs_create
 .text.filesystemlfs_destroy
                0x00000000100039ac       0x1e CMakeFiles/cpicom.dir/files/src/filesystemlfs.c.obj
                0x00000000100039ac                filesystemlfs_destroy
 .text.filesystemlfs_lfs_read
                0x00000000100039ca       0x34 CMakeFiles/cpicom.dir/files/src/filesystemlfs.c.obj
 .text.filesystemlfs_lfs_sync
                0x00000000100039fe       0x28 CMakeFiles/cpicom.dir/files/src/filesystemlfs.c.obj
 .text.filesystemlfs_lfs_erase
                0x0000000010003a26       0x28 CMakeFiles/cpicom.dir/files/src/filesystemlfs.c.obj
 .text.filesystemlfs_lfs_prog
                0x0000000010003a4e       0x34 CMakeFiles/cpicom.dir/files/src/filesystemlfs.c.obj
 *fill*         0x0000000010003a82        0x2 
 .text.filesystemlfs_set_block_device
                0x0000000010003a84       0xc4 CMakeFiles/cpicom.dir/files/src/filesystemlfs.c.obj
                0x0000000010003a84                filesystemlfs_set_block_device
 .text.filesystemlfs_convert_error
                0x0000000010003b48       0x30 CMakeFiles/cpicom.dir/files/src/filesystemlfs.c.obj
 .text.filesystemlfs_mount
                0x0000000010003b78       0x44 CMakeFiles/cpicom.dir/files/src/filesystemlfs.c.obj
                0x0000000010003b78                filesystemlfs_mount
 .text.filesystemlfs_unmount
                0x0000000010003bbc       0x3c CMakeFiles/cpicom.dir/files/src/filesystemlfs.c.obj
                0x0000000010003bbc                filesystemlfs_unmount
 .text.filesystemlfs_format
                0x0000000010003bf8       0x60 CMakeFiles/cpicom.dir/files/src/filesystemlfs.c.obj
                0x0000000010003bf8                filesystemlfs_format
 .text.filesystemlfs_open
                0x0000000010003c58       0xe0 CMakeFiles/cpicom.dir/files/src/filesystemlfs.c.obj
                0x0000000010003c58                filesystemlfs_open
 .text.filesystemlfs_write
                0x0000000010003d38       0x68 CMakeFiles/cpicom.dir/files/src/filesystemlfs.c.obj
                0x0000000010003d38                filesystemlfs_write
 .text.filesystemlfs_read
                0x0000000010003da0       0x68 CMakeFiles/cpicom.dir/files/src/filesystemlfs.c.obj
                0x0000000010003da0                filesystemlfs_read
 .text.filesystemlfs_delete
                0x0000000010003e08       0x48 CMakeFiles/cpicom.dir/files/src/filesystemlfs.c.obj
                0x0000000010003e08                filesystemlfs_delete
 .text.filesystemlfs_close
                0x0000000010003e50       0x58 CMakeFiles/cpicom.dir/files/src/filesystemlfs.c.obj
                0x0000000010003e50                filesystemlfs_close
 .text.filesystemlfs_opendir
                0x0000000010003ea8       0xc0 CMakeFiles/cpicom.dir/files/src/filesystemlfs.c.obj
                0x0000000010003ea8                filesystemlfs_opendir
 .text.filesystemlfs_closedir
                0x0000000010003f68       0x70 CMakeFiles/cpicom.dir/files/src/filesystemlfs.c.obj
                0x0000000010003f68                filesystemlfs_closedir
 .text.filesystemlfs_readdir
                0x0000000010003fd8       0xfc CMakeFiles/cpicom.dir/files/src/filesystemlfs.c.obj
                0x0000000010003fd8                filesystemlfs_readdir
 .text.filesystemlfs_lseek
                0x00000000100040d4       0x88 CMakeFiles/cpicom.dir/files/src/filesystemlfs.c.obj
                0x00000000100040d4                filesystemlfs_lseek
 .text.filesystemlfs_size
                0x000000001000415c       0xac CMakeFiles/cpicom.dir/files/src/filesystemlfs.c.obj
                0x000000001000415c                filesystemlfs_size
 .text.filesystemlfs_stat
                0x0000000010004208       0xf4 CMakeFiles/cpicom.dir/files/src/filesystemlfs.c.obj
                0x0000000010004208                filesystemlfs_stat
 .text.filesystemlfs_ftruncate
                0x00000000100042fc       0x3e CMakeFiles/cpicom.dir/files/src/filesystemlfs.c.obj
                0x00000000100042fc                filesystemlfs_ftruncate
 .text.filesystemlfs_rename
                0x000000001000433a       0x38 CMakeFiles/cpicom.dir/files/src/filesystemlfs.c.obj
                0x000000001000433a                filesystemlfs_rename
 .text.filesystemlfs_statfs
                0x0000000010004372       0x72 CMakeFiles/cpicom.dir/files/src/filesystemlfs.c.obj
                0x0000000010004372                filesystemlfs_statfs
 .text.filesystemlfs_get_params
                0x00000000100043e4       0xd8 CMakeFiles/cpicom.dir/files/src/filesystemlfs.c.obj
                0x00000000100043e4                filesystemlfs_get_params
 .text.filesystemmount_create
                0x00000000100044bc       0x3e CMakeFiles/cpicom.dir/files/src/filesystemmount.c.obj
                0x00000000100044bc                filesystemmount_create
 .text.filesystemmount_destroy
                0x00000000100044fa       0x1e CMakeFiles/cpicom.dir/files/src/filesystemmount.c.obj
                0x00000000100044fa                filesystemmount_destroy
 .text.filesystemmount_unmount
                0x0000000010004518       0x34 CMakeFiles/cpicom.dir/files/src/filesystemmount.c.obj
                0x0000000010004518                filesystemmount_unmount
 .text.filesystemmount_mount
                0x000000001000454c       0x34 CMakeFiles/cpicom.dir/files/src/filesystemmount.c.obj
                0x000000001000454c                filesystemmount_mount
 .text.filesystemmount_format
                0x0000000010004580       0x34 CMakeFiles/cpicom.dir/files/src/filesystemmount.c.obj
                0x0000000010004580                filesystemmount_format
 .text.filesystemmount_open
                0x00000000100045b4       0x52 CMakeFiles/cpicom.dir/files/src/filesystemmount.c.obj
                0x00000000100045b4                filesystemmount_open
 .text.filesystemmount_close
                0x0000000010004606       0x24 CMakeFiles/cpicom.dir/files/src/filesystemmount.c.obj
                0x0000000010004606                filesystemmount_close
 .text.filesystemmount_write
                0x000000001000462a       0x36 CMakeFiles/cpicom.dir/files/src/filesystemmount.c.obj
                0x000000001000462a                filesystemmount_write
 .text.filesystemmount_read
                0x0000000010004660       0x36 CMakeFiles/cpicom.dir/files/src/filesystemmount.c.obj
                0x0000000010004660                filesystemmount_read
 .text.filesystemmount_delete
                0x0000000010004696       0x26 CMakeFiles/cpicom.dir/files/src/filesystemmount.c.obj
                0x0000000010004696                filesystemmount_delete
 .text.filesystemmount_opendir
                0x00000000100046bc       0x26 CMakeFiles/cpicom.dir/files/src/filesystemmount.c.obj
                0x00000000100046bc                filesystemmount_opendir
 .text.filesystemmount_closedir
                0x00000000100046e2       0x26 CMakeFiles/cpicom.dir/files/src/filesystemmount.c.obj
                0x00000000100046e2                filesystemmount_closedir
 .text.filesystemmount_readdir
                0x0000000010004708       0x26 CMakeFiles/cpicom.dir/files/src/filesystemmount.c.obj
                0x0000000010004708                filesystemmount_readdir
 .text.filesystemmount_lseek
                0x000000001000472e       0x32 CMakeFiles/cpicom.dir/files/src/filesystemmount.c.obj
                0x000000001000472e                filesystemmount_lseek
 .text.filesystemmount_size
                0x0000000010004760       0x26 CMakeFiles/cpicom.dir/files/src/filesystemmount.c.obj
                0x0000000010004760                filesystemmount_size
 .text.filesystemmount_stat
                0x0000000010004786       0x2a CMakeFiles/cpicom.dir/files/src/filesystemmount.c.obj
                0x0000000010004786                filesystemmount_stat
 .text.filesystemmount_fstat
                0x00000000100047b0       0x24 CMakeFiles/cpicom.dir/files/src/filesystemmount.c.obj
                0x00000000100047b0                filesystemmount_fstat
 .text.filesystemmount_ftruncate
                0x00000000100047d4       0x2a CMakeFiles/cpicom.dir/files/src/filesystemmount.c.obj
                0x00000000100047d4                filesystemmount_ftruncate
 .text.filesystemmount_rename
                0x00000000100047fe       0x2a CMakeFiles/cpicom.dir/files/src/filesystemmount.c.obj
                0x00000000100047fe                filesystemmount_rename
 .text.filesystemmount_statfs
                0x0000000010004828       0x26 CMakeFiles/cpicom.dir/files/src/filesystemmount.c.obj
                0x0000000010004828                filesystemmount_statfs
 *fill*         0x000000001000484e        0x2 
 .text.fileutil_write_file
                0x0000000010004850       0x8c CMakeFiles/cpicom.dir/files/src/fileutil.c.obj
                0x0000000010004850                fileutil_write_file
 .text.fileutil_append_file
                0x00000000100048dc       0x84 CMakeFiles/cpicom.dir/files/src/fileutil.c.obj
                0x00000000100048dc                fileutil_append_file
 .text.save_and_disable_interrupts
                0x0000000010004960       0x18 CMakeFiles/cpicom.dir/files/src/flashblockdevice.c.obj
 .text.restore_interrupts
                0x0000000010004978       0x16 CMakeFiles/cpicom.dir/files/src/flashblockdevice.c.obj
 .text.flashblockdevice_create
                0x000000001000498e       0x36 CMakeFiles/cpicom.dir/files/src/flashblockdevice.c.obj
                0x000000001000498e                flashblockdevice_create
 .text.flashblockdevice_destroy
                0x00000000100049c4       0x1e CMakeFiles/cpicom.dir/files/src/flashblockdevice.c.obj
                0x00000000100049c4                flashblockdevice_destroy
 *fill*         0x00000000100049e2        0x2 
 .text.flashblockdevice_initialize
                0x00000000100049e4       0x3c CMakeFiles/cpicom.dir/files/src/flashblockdevice.c.obj
                0x00000000100049e4                flashblockdevice_initialize
 .text.flashblockdevice_sync_fn
                0x0000000010004a20       0x16 CMakeFiles/cpicom.dir/files/src/flashblockdevice.c.obj
                0x0000000010004a20                flashblockdevice_sync_fn
 *fill*         0x0000000010004a36        0x2 
 .text.flashblockdevice_read_fn
                0x0000000010004a38       0x4c CMakeFiles/cpicom.dir/files/src/flashblockdevice.c.obj
                0x0000000010004a38                flashblockdevice_read_fn
 .text.flashblockdevice_write_fn
                0x0000000010004a84       0x58 CMakeFiles/cpicom.dir/files/src/flashblockdevice.c.obj
                0x0000000010004a84                flashblockdevice_write_fn
 .text.flashblockdevice_erase_fn
                0x0000000010004adc       0x3e CMakeFiles/cpicom.dir/files/src/flashblockdevice.c.obj
                0x0000000010004adc                flashblockdevice_erase_fn
 *fill*         0x0000000010004b1a        0x2 
 .text.flashblockdevice_get_params
                0x0000000010004b1c       0x64 CMakeFiles/cpicom.dir/files/src/flashblockdevice.c.obj
                0x0000000010004b1c                flashblockdevice_get_params
 .text.lfs_max  0x0000000010004b80       0x1c CMakeFiles/cpicom.dir/files/src/lfs.c.obj
 .text.lfs_min  0x0000000010004b9c       0x1c CMakeFiles/cpicom.dir/files/src/lfs.c.obj
 .text.lfs_aligndown
                0x0000000010004bb8       0x24 CMakeFiles/cpicom.dir/files/src/lfs.c.obj
 .text.lfs_alignup
                0x0000000010004bdc       0x26 CMakeFiles/cpicom.dir/files/src/lfs.c.obj
 .text.lfs_npw2
                0x0000000010004c02       0x22 CMakeFiles/cpicom.dir/files/src/lfs.c.obj
 .text.lfs_ctz  0x0000000010004c24       0x18 CMakeFiles/cpicom.dir/files/src/lfs.c.obj
 .text.lfs_popc
                0x0000000010004c3c       0x18 CMakeFiles/cpicom.dir/files/src/lfs.c.obj
 .text.lfs_scmp
                0x0000000010004c54       0x18 CMakeFiles/cpicom.dir/files/src/lfs.c.obj
 .text.lfs_fromle32
                0x0000000010004c6c       0x12 CMakeFiles/cpicom.dir/files/src/lfs.c.obj
 .text.lfs_tole32
                0x0000000010004c7e       0x1a CMakeFiles/cpicom.dir/files/src/lfs.c.obj
 .text.lfs_frombe32
                0x0000000010004c98       0x14 CMakeFiles/cpicom.dir/files/src/lfs.c.obj
 .text.lfs_tobe32
                0x0000000010004cac       0x1a CMakeFiles/cpicom.dir/files/src/lfs.c.obj
 .text.lfs_malloc
                0x0000000010004cc6       0x1a CMakeFiles/cpicom.dir/files/src/lfs.c.obj
 .text.lfs_free
                0x0000000010004ce0       0x18 CMakeFiles/cpicom.dir/files/src/lfs.c.obj
 .text.lfs_cache_drop
                0x0000000010004cf8       0x1a CMakeFiles/cpicom.dir/files/src/lfs.c.obj
 .text.lfs_cache_zero
                0x0000000010004d12       0x2c CMakeFiles/cpicom.dir/files/src/lfs.c.obj
 *fill*         0x0000000010004d3e        0x2 
 .text.lfs_bd_read
                0x0000000010004d40      0x2a4 CMakeFiles/cpicom.dir/files/src/lfs.c.obj
 .text.lfs_bd_cmp
                0x0000000010004fe4       0xaa CMakeFiles/cpicom.dir/files/src/lfs.c.obj
 *fill*         0x000000001000508e        0x2 
 .text.lfs_bd_flush
                0x0000000010005090      0x10c CMakeFiles/cpicom.dir/files/src/lfs.c.obj
 .text.lfs_bd_sync
                0x000000001000519c       0x74 CMakeFiles/cpicom.dir/files/src/lfs.c.obj
 .text.lfs_bd_prog
                0x0000000010005210      0x164 CMakeFiles/cpicom.dir/files/src/lfs.c.obj
 .text.lfs_bd_erase
                0x0000000010005374       0x64 CMakeFiles/cpicom.dir/files/src/lfs.c.obj
 .text.lfs_pair_swap
                0x00000000100053d8       0x26 CMakeFiles/cpicom.dir/files/src/lfs.c.obj
 .text.lfs_pair_isnull
                0x00000000100053fe       0x30 CMakeFiles/cpicom.dir/files/src/lfs.c.obj
 .text.lfs_pair_cmp
                0x000000001000542e       0x50 CMakeFiles/cpicom.dir/files/src/lfs.c.obj
 .text.lfs_pair_sync
                0x000000001000547e       0x58 CMakeFiles/cpicom.dir/files/src/lfs.c.obj
 .text.lfs_pair_fromle32
                0x00000000100054d6       0x34 CMakeFiles/cpicom.dir/files/src/lfs.c.obj
 .text.lfs_pair_tole32
                0x000000001000550a       0x34 CMakeFiles/cpicom.dir/files/src/lfs.c.obj
 .text.lfs_tag_isvalid
                0x000000001000553e       0x18 CMakeFiles/cpicom.dir/files/src/lfs.c.obj
 .text.lfs_tag_isdelete
                0x0000000010005556       0x1e CMakeFiles/cpicom.dir/files/src/lfs.c.obj
 .text.lfs_tag_type1
                0x0000000010005574       0x1e CMakeFiles/cpicom.dir/files/src/lfs.c.obj
 .text.lfs_tag_type3
                0x0000000010005592       0x1c CMakeFiles/cpicom.dir/files/src/lfs.c.obj
 .text.lfs_tag_chunk
                0x00000000100055ae       0x16 CMakeFiles/cpicom.dir/files/src/lfs.c.obj
 .text.lfs_tag_splice
                0x00000000100055c4       0x1c CMakeFiles/cpicom.dir/files/src/lfs.c.obj
 .text.lfs_tag_id
                0x00000000100055e0       0x1c CMakeFiles/cpicom.dir/files/src/lfs.c.obj
 .text.lfs_tag_size
                0x00000000100055fc       0x16 CMakeFiles/cpicom.dir/files/src/lfs.c.obj
 .text.lfs_tag_dsize
                0x0000000010005612       0x2a CMakeFiles/cpicom.dir/files/src/lfs.c.obj
 .text.lfs_gstate_xor
                0x000000001000563c       0x44 CMakeFiles/cpicom.dir/files/src/lfs.c.obj
 .text.lfs_gstate_iszero
                0x0000000010005680       0x36 CMakeFiles/cpicom.dir/files/src/lfs.c.obj
 .text.lfs_gstate_hasorphans
                0x00000000100056b6       0x22 CMakeFiles/cpicom.dir/files/src/lfs.c.obj
 .text.lfs_gstate_getorphans
                0x00000000100056d8       0x1e CMakeFiles/cpicom.dir/files/src/lfs.c.obj
 .text.lfs_gstate_hasmove
                0x00000000100056f6       0x22 CMakeFiles/cpicom.dir/files/src/lfs.c.obj
 .text.lfs_gstate_hasmovehere
                0x0000000010005718       0x40 CMakeFiles/cpicom.dir/files/src/lfs.c.obj
 .text.lfs_gstate_fromle32
                0x0000000010005758       0x40 CMakeFiles/cpicom.dir/files/src/lfs.c.obj
 .text.lfs_gstate_tole32
                0x0000000010005798       0x40 CMakeFiles/cpicom.dir/files/src/lfs.c.obj
 .text.lfs_ctz_fromle32
                0x00000000100057d8       0x30 CMakeFiles/cpicom.dir/files/src/lfs.c.obj
 .text.lfs_ctz_tole32
                0x0000000010005808       0x30 CMakeFiles/cpicom.dir/files/src/lfs.c.obj
 .text.lfs_superblock_fromle32
                0x0000000010005838       0x70 CMakeFiles/cpicom.dir/files/src/lfs.c.obj
 .text.lfs_superblock_tole32
                0x00000000100058a8       0x70 CMakeFiles/cpicom.dir/files/src/lfs.c.obj
 .text.lfs_mlist_isopen
                0x0000000010005918       0x36 CMakeFiles/cpicom.dir/files/src/lfs.c.obj
 .text.lfs_mlist_remove
                0x000000001000594e       0x3e CMakeFiles/cpicom.dir/files/src/lfs.c.obj
 .text.lfs_mlist_append
                0x000000001000598c       0x20 CMakeFiles/cpicom.dir/files/src/lfs.c.obj
 .text.lfs_alloc_lookahead
                0x00000000100059ac       0x6a CMakeFiles/cpicom.dir/files/src/lfs.c.obj
 .text.lfs_alloc_ack
                0x0000000010005a16       0x1a CMakeFiles/cpicom.dir/files/src/lfs.c.obj
 .text.lfs_alloc_drop
                0x0000000010005a30       0x24 CMakeFiles/cpicom.dir/files/src/lfs.c.obj
 .text.lfs_alloc
                0x0000000010005a54      0x170 CMakeFiles/cpicom.dir/files/src/lfs.c.obj
 .text.lfs_dir_getslice
                0x0000000010005bc4      0x1e4 CMakeFiles/cpicom.dir/files/src/lfs.c.obj
 .text.lfs_dir_get
                0x0000000010005da8       0x3a CMakeFiles/cpicom.dir/files/src/lfs.c.obj
 .text.lfs_dir_getread
                0x0000000010005de2      0x1cc CMakeFiles/cpicom.dir/files/src/lfs.c.obj
 *fill*         0x0000000010005fae        0x2 
 .text.lfs_dir_traverse_filter
                0x0000000010005fb0       0xb8 CMakeFiles/cpicom.dir/files/src/lfs.c.obj
 .text.lfs_dir_traverse
                0x0000000010006068      0x318 CMakeFiles/cpicom.dir/files/src/lfs.c.obj
 .text.lfs_dir_fetchmatch
                0x0000000010006380      0x728 CMakeFiles/cpicom.dir/files/src/lfs.c.obj
 .text.lfs_dir_fetch
                0x0000000010006aa8       0x38 CMakeFiles/cpicom.dir/files/src/lfs.c.obj
 .text.lfs_dir_getgstate
                0x0000000010006ae0       0x64 CMakeFiles/cpicom.dir/files/src/lfs.c.obj
 .text.lfs_dir_getinfo
                0x0000000010006b44      0x114 CMakeFiles/cpicom.dir/files/src/lfs.c.obj
 .text.lfs_dir_find_match
                0x0000000010006c58       0xa0 CMakeFiles/cpicom.dir/files/src/lfs.c.obj
 .text.lfs_dir_find
                0x0000000010006cf8      0x21c CMakeFiles/cpicom.dir/files/src/lfs.c.obj
 .text.lfs_dir_commitprog
                0x0000000010006f14       0x6e CMakeFiles/cpicom.dir/files/src/lfs.c.obj
 .text.lfs_dir_commitattr
                0x0000000010006f82      0x10c CMakeFiles/cpicom.dir/files/src/lfs.c.obj
 *fill*         0x000000001000708e        0x2 
 .text.lfs_dir_commitcrc
                0x0000000010007090      0x2a0 CMakeFiles/cpicom.dir/files/src/lfs.c.obj
 .text.lfs_dir_alloc
                0x0000000010007330      0x100 CMakeFiles/cpicom.dir/files/src/lfs.c.obj
 .text.lfs_dir_drop
                0x0000000010007430       0x88 CMakeFiles/cpicom.dir/files/src/lfs.c.obj
 .text.lfs_dir_split
                0x00000000100074b8       0xcc CMakeFiles/cpicom.dir/files/src/lfs.c.obj
 .text.lfs_dir_commit_size
                0x0000000010007584       0x2e CMakeFiles/cpicom.dir/files/src/lfs.c.obj
 .text.lfs_dir_commit_commit
                0x00000000100075b2       0x2a CMakeFiles/cpicom.dir/files/src/lfs.c.obj
 .text.lfs_dir_compact
                0x00000000100075dc      0x844 CMakeFiles/cpicom.dir/files/src/lfs.c.obj
 .text.lfs_dir_commit
                0x0000000010007e20      0x814 CMakeFiles/cpicom.dir/files/src/lfs.c.obj
 .text.lfs_dir_rawopen
                0x0000000010008634      0x10c CMakeFiles/cpicom.dir/files/src/lfs.c.obj
 .text.lfs_dir_rawclose
                0x0000000010008740       0x20 CMakeFiles/cpicom.dir/files/src/lfs.c.obj
 .text.lfs_dir_rawread
                0x0000000010008760      0x118 CMakeFiles/cpicom.dir/files/src/lfs.c.obj
 .text.lfs_ctz_index
                0x0000000010008878       0x76 CMakeFiles/cpicom.dir/files/src/lfs.c.obj
 .text.lfs_ctz_find
                0x00000000100088ee       0xe4 CMakeFiles/cpicom.dir/files/src/lfs.c.obj
 *fill*         0x00000000100089d2        0x2 
 .text.lfs_ctz_extend
                0x00000000100089d4      0x230 CMakeFiles/cpicom.dir/files/src/lfs.c.obj
 .text.lfs_ctz_traverse
                0x0000000010008c04      0x106 CMakeFiles/cpicom.dir/files/src/lfs.c.obj
 *fill*         0x0000000010008d0a        0x2 
 .text.lfs_file_rawopencfg
                0x0000000010008d0c      0x3c4 CMakeFiles/cpicom.dir/files/src/lfs.c.obj
 .text.lfs_file_rawopen
                0x00000000100090d0       0x34 CMakeFiles/cpicom.dir/files/src/lfs.c.obj
 .text.lfs_file_rawclose
                0x0000000010009104       0x44 CMakeFiles/cpicom.dir/files/src/lfs.c.obj
 .text.lfs_file_relocate
                0x0000000010009148      0x1cc CMakeFiles/cpicom.dir/files/src/lfs.c.obj
 .text.lfs_file_outline
                0x0000000010009314       0x50 CMakeFiles/cpicom.dir/files/src/lfs.c.obj
 .text.lfs_file_flush
                0x0000000010009364      0x1d8 CMakeFiles/cpicom.dir/files/src/lfs.c.obj
 .text.lfs_file_rawsync
                0x000000001000953c      0x140 CMakeFiles/cpicom.dir/files/src/lfs.c.obj
 .text.lfs_file_rawread
                0x000000001000967c      0x204 CMakeFiles/cpicom.dir/files/src/lfs.c.obj
 .text.lfs_file_rawwrite
                0x0000000010009880      0x364 CMakeFiles/cpicom.dir/files/src/lfs.c.obj
 .text.lfs_file_rawseek
                0x0000000010009be4       0x94 CMakeFiles/cpicom.dir/files/src/lfs.c.obj
 .text.lfs_file_rawtruncate
                0x0000000010009c78      0x148 CMakeFiles/cpicom.dir/files/src/lfs.c.obj
 .text.lfs_file_rawsize
                0x0000000010009dc0       0x36 CMakeFiles/cpicom.dir/files/src/lfs.c.obj
 .text.lfs_rawstat
                0x0000000010009df6       0x4c CMakeFiles/cpicom.dir/files/src/lfs.c.obj
 *fill*         0x0000000010009e42        0x2 
 .text.lfs_rawremove
                0x0000000010009e44      0x1ec CMakeFiles/cpicom.dir/files/src/lfs.c.obj
 .text.lfs_rawrename
                0x000000001000a030      0x4e0 CMakeFiles/cpicom.dir/files/src/lfs.c.obj
 .text.lfs_init
                0x000000001000a510      0x390 CMakeFiles/cpicom.dir/files/src/lfs.c.obj
 .text.lfs_deinit
                0x000000001000a8a0       0x4e CMakeFiles/cpicom.dir/files/src/lfs.c.obj
 *fill*         0x000000001000a8ee        0x2 
 .text.lfs_rawformat
                0x000000001000a8f0      0x16c CMakeFiles/cpicom.dir/files/src/lfs.c.obj
 .text.lfs_rawmount
                0x000000001000aa5c      0x368 CMakeFiles/cpicom.dir/files/src/lfs.c.obj
 .text.lfs_rawunmount
                0x000000001000adc4       0x1a CMakeFiles/cpicom.dir/files/src/lfs.c.obj
 *fill*         0x000000001000adde        0x2 
 .text.lfs_fs_rawtraverse
                0x000000001000ade0      0x27c CMakeFiles/cpicom.dir/files/src/lfs.c.obj
 .text.lfs_fs_pred
                0x000000001000b05c       0x90 CMakeFiles/cpicom.dir/files/src/lfs.c.obj
 .text.lfs_fs_parent_match
                0x000000001000b0ec       0x80 CMakeFiles/cpicom.dir/files/src/lfs.c.obj
 .text.lfs_fs_parent
                0x000000001000b16c       0xbc CMakeFiles/cpicom.dir/files/src/lfs.c.obj
 .text.lfs_fs_relocate
                0x000000001000b228      0x2f8 CMakeFiles/cpicom.dir/files/src/lfs.c.obj
 .text.lfs_fs_preporphans
                0x000000001000b520       0x78 CMakeFiles/cpicom.dir/files/src/lfs.c.obj
 .text.lfs_fs_prepmove
                0x000000001000b598       0x80 CMakeFiles/cpicom.dir/files/src/lfs.c.obj
 .text.lfs_fs_demove
                0x000000001000b618       0xe4 CMakeFiles/cpicom.dir/files/src/lfs.c.obj
 .text.lfs_fs_deorphan
                0x000000001000b6fc      0x254 CMakeFiles/cpicom.dir/files/src/lfs.c.obj
 .text.lfs_fs_forceconsistency
                0x000000001000b950       0x3e CMakeFiles/cpicom.dir/files/src/lfs.c.obj
 .text.lfs_fs_size_count
                0x000000001000b98e       0x22 CMakeFiles/cpicom.dir/files/src/lfs.c.obj
 .text.lfs_fs_rawsize
                0x000000001000b9b0       0x38 CMakeFiles/cpicom.dir/files/src/lfs.c.obj
 .text.lfs_format
                0x000000001000b9e8       0x32 CMakeFiles/cpicom.dir/files/src/lfs.c.obj
                0x000000001000b9e8                lfs_format
 .text.lfs_mount
                0x000000001000ba1a       0x32 CMakeFiles/cpicom.dir/files/src/lfs.c.obj
                0x000000001000ba1a                lfs_mount
 .text.lfs_unmount
                0x000000001000ba4c       0x2c CMakeFiles/cpicom.dir/files/src/lfs.c.obj
                0x000000001000ba4c                lfs_unmount
 .text.lfs_remove
                0x000000001000ba78       0x32 CMakeFiles/cpicom.dir/files/src/lfs.c.obj
                0x000000001000ba78                lfs_remove
 .text.lfs_rename
                0x000000001000baaa       0x34 CMakeFiles/cpicom.dir/files/src/lfs.c.obj
                0x000000001000baaa                lfs_rename
 .text.lfs_stat
                0x000000001000bade       0x34 CMakeFiles/cpicom.dir/files/src/lfs.c.obj
                0x000000001000bade                lfs_stat
 *fill*         0x000000001000bb12        0x2 
 .text.lfs_file_open
                0x000000001000bb14       0x70 CMakeFiles/cpicom.dir/files/src/lfs.c.obj
                0x000000001000bb14                lfs_file_open
 .text.lfs_file_close
                0x000000001000bb84       0x60 CMakeFiles/cpicom.dir/files/src/lfs.c.obj
                0x000000001000bb84                lfs_file_close
 .text.lfs_file_read
                0x000000001000bbe4       0x64 CMakeFiles/cpicom.dir/files/src/lfs.c.obj
                0x000000001000bbe4                lfs_file_read
 .text.lfs_file_write
                0x000000001000bc48       0x64 CMakeFiles/cpicom.dir/files/src/lfs.c.obj
                0x000000001000bc48                lfs_file_write
 .text.lfs_file_seek
                0x000000001000bcac       0x64 CMakeFiles/cpicom.dir/files/src/lfs.c.obj
                0x000000001000bcac                lfs_file_seek
 .text.lfs_file_truncate
                0x000000001000bd10       0x64 CMakeFiles/cpicom.dir/files/src/lfs.c.obj
                0x000000001000bd10                lfs_file_truncate
 .text.lfs_dir_open
                0x000000001000bd74       0x6c CMakeFiles/cpicom.dir/files/src/lfs.c.obj
                0x000000001000bd74                lfs_dir_open
 .text.lfs_dir_close
                0x000000001000bde0       0x32 CMakeFiles/cpicom.dir/files/src/lfs.c.obj
                0x000000001000bde0                lfs_dir_close
 .text.lfs_dir_read
                0x000000001000be12       0x34 CMakeFiles/cpicom.dir/files/src/lfs.c.obj
                0x000000001000be12                lfs_dir_read
 .text.lfs_fs_size
                0x000000001000be46       0x2c CMakeFiles/cpicom.dir/files/src/lfs.c.obj
                0x000000001000be46                lfs_fs_size
 *fill*         0x000000001000be72        0x2 
 .text.lfs_crc  0x000000001000be74       0x78 CMakeFiles/cpicom.dir/files/src/lfs_util.c.obj
                0x000000001000be74                lfs_crc
 .text.cmd_dir_run
                0x000000001000beec      0x108 CMakeFiles/cpicom.dir/shell/src/cmd_dir.c.obj
                0x000000001000beec                cmd_dir_run
 .text.cmd_dump_run
                0x000000001000bff4      0x11c CMakeFiles/cpicom.dir/shell/src/cmd_dump.c.obj
                0x000000001000bff4                cmd_dump_run
 .text.cmd_era_erase_filespec
                0x000000001000c110       0x88 CMakeFiles/cpicom.dir/shell/src/cmd_era.c.obj
                0x000000001000c110                cmd_era_erase_filespec
 .text.cmd_era_run
                0x000000001000c198       0x42 CMakeFiles/cpicom.dir/shell/src/cmd_era.c.obj
                0x000000001000c198                cmd_era_run
 *fill*         0x000000001000c1da        0x2 
 .text.cmd_format_run
                0x000000001000c1dc      0x100 CMakeFiles/cpicom.dir/shell/src/cmd_format.c.obj
                0x000000001000c1dc                cmd_format_run
 .text.cmd_log_run
                0x000000001000c2dc       0x44 CMakeFiles/cpicom.dir/shell/src/cmd_log.c.obj
                0x000000001000c2dc                cmd_log_run
 .text.cmd_rename_source_target
                0x000000001000c320       0x74 CMakeFiles/cpicom.dir/shell/src/cmd_rename.c.obj
                0x000000001000c320                cmd_rename_source_target
 .text.cmd_rename_source_target_spec
                0x000000001000c394       0x22 CMakeFiles/cpicom.dir/shell/src/cmd_rename.c.obj
                0x000000001000c394                cmd_rename_source_target_spec
 *fill*         0x000000001000c3b6        0x2 
 .text.cmd_rename_prompt
                0x000000001000c3b8       0xb8 CMakeFiles/cpicom.dir/shell/src/cmd_rename.c.obj
                0x000000001000c3b8                cmd_rename_prompt
 .text.cmd_rename_do_spec
                0x000000001000c470       0xb4 CMakeFiles/cpicom.dir/shell/src/cmd_rename.c.obj
                0x000000001000c470                cmd_rename_do_spec
 .text.cmd_rename_run
                0x000000001000c524       0x74 CMakeFiles/cpicom.dir/shell/src/cmd_rename.c.obj
                0x000000001000c524                cmd_rename_run
 .text.cmd_setdef_show
                0x000000001000c598       0x58 CMakeFiles/cpicom.dir/shell/src/cmd_setdef.c.obj
                0x000000001000c598                cmd_setdef_show
 .text.cmd_setdef_do_nvp
                0x000000001000c5f0       0x98 CMakeFiles/cpicom.dir/shell/src/cmd_setdef.c.obj
                0x000000001000c5f0                cmd_setdef_do_nvp
 .text.cmd_setdef_do_drives
                0x000000001000c688       0x34 CMakeFiles/cpicom.dir/shell/src/cmd_setdef.c.obj
                0x000000001000c688                cmd_setdef_do_drives
 .text.cmd_setdef_do_arg
                0x000000001000c6bc       0x8c CMakeFiles/cpicom.dir/shell/src/cmd_setdef.c.obj
                0x000000001000c6bc                cmd_setdef_do_arg
 .text.cmd_setdef_run
                0x000000001000c748       0x60 CMakeFiles/cpicom.dir/shell/src/cmd_setdef.c.obj
                0x000000001000c748                cmd_setdef_run
 .text.cmd_stat_run
                0x000000001000c7a8       0x9c CMakeFiles/cpicom.dir/shell/src/cmd_stat.c.obj
                0x000000001000c7a8                cmd_stat_run
 .text.cmd_type_run
                0x000000001000c844      0x110 CMakeFiles/cpicom.dir/shell/src/cmd_type.c.obj
                0x000000001000c844                cmd_type_run
 .text.cmd_yrecv_run
                0x000000001000c954       0xa0 CMakeFiles/cpicom.dir/shell/src/cmd_yrecv.c.obj
                0x000000001000c954                cmd_yrecv_run
 .text.cmd_ysend_usage
                0x000000001000c9f4       0x28 CMakeFiles/cpicom.dir/shell/src/cmd_ysend.c.obj
                0x000000001000c9f4                cmd_ysend_usage
 .text.cmd_ysend_run
                0x000000001000ca1c       0xb0 CMakeFiles/cpicom.dir/shell/src/cmd_ysend.c.obj
                0x000000001000ca1c                cmd_ysend_run
 .text.shell_reset_linecount
                0x000000001000cacc       0x14 CMakeFiles/cpicom.dir/shell/src/shell.c.obj
                0x000000001000cacc                shell_reset_linecount
 .text.shell_writeln
                0x000000001000cae0       0xc8 CMakeFiles/cpicom.dir/shell/src/shell.c.obj
                0x000000001000cae0                shell_writeln
 .text.shell_write_string
                0x000000001000cba8       0x2e CMakeFiles/cpicom.dir/shell/src/shell.c.obj
                0x000000001000cba8                shell_write_string
 .text.shell_write_endl
                0x000000001000cbd6       0x1c CMakeFiles/cpicom.dir/shell/src/shell.c.obj
                0x000000001000cbd6                shell_write_endl
 *fill*         0x000000001000cbf2        0x2 
 .text.shell_write_error
                0x000000001000cbf4       0x5c CMakeFiles/cpicom.dir/shell/src/shell.c.obj
                0x000000001000cbf4                shell_write_error
 .text.shell_write_error_filename
                0x000000001000cc50       0x38 CMakeFiles/cpicom.dir/shell/src/shell.c.obj
                0x000000001000cc50                shell_write_error_filename
 .text.shell_find_executable_on_drive
                0x000000001000cc88       0xf8 CMakeFiles/cpicom.dir/shell/src/shell.c.obj
 .text.shell_find_executable
                0x000000001000cd80       0x5e CMakeFiles/cpicom.dir/shell/src/shell.c.obj
                0x000000001000cd80                shell_find_executable
 *fill*         0x000000001000cdde        0x2 
 .text.shell_do_line_argv
                0x000000001000cde0      0x308 CMakeFiles/cpicom.dir/shell/src/shell.c.obj
                0x000000001000cde0                shell_do_line_argv
 .text.shell_do_line
                0x000000001000d0e8      0x148 CMakeFiles/cpicom.dir/shell/src/shell.c.obj
                0x000000001000d0e8                shell_do_line
 .text.shell_main
                0x000000001000d230      0x144 CMakeFiles/cpicom.dir/shell/src/shell.c.obj
                0x000000001000d230                shell_main
 .text.list_create
                0x000000001000d374       0x2e CMakeFiles/cpicom.dir/klib/src/list.c.obj
                0x000000001000d374                list_create
 .text.list_destroy
                0x000000001000d3a2       0x52 CMakeFiles/cpicom.dir/klib/src/list.c.obj
                0x000000001000d3a2                list_destroy
 .text.list_append
                0x000000001000d3f4       0x54 CMakeFiles/cpicom.dir/klib/src/list.c.obj
                0x000000001000d3f4                list_append
 .text.list_length
                0x000000001000d448       0x30 CMakeFiles/cpicom.dir/klib/src/list.c.obj
                0x000000001000d448                list_length
 .text.list_get
                0x000000001000d478       0x3c CMakeFiles/cpicom.dir/klib/src/list.c.obj
                0x000000001000d478                list_get
 .text.list_remove_object
                0x000000001000d4b4       0x7a CMakeFiles/cpicom.dir/klib/src/list.c.obj
                0x000000001000d4b4                list_remove_object
 *fill*         0x000000001000d52e        0x2 
 .text.string_create_empty
                0x000000001000d530       0x18 CMakeFiles/cpicom.dir/klib/src/string.c.obj
                0x000000001000d530                string_create_empty
 .text.string_create
                0x000000001000d548       0x2c CMakeFiles/cpicom.dir/klib/src/string.c.obj
                0x000000001000d548                string_create
 .text.string_destroy
                0x000000001000d574       0x30 CMakeFiles/cpicom.dir/klib/src/string.c.obj
                0x000000001000d574                string_destroy
 .text.string_cstr
                0x000000001000d5a4       0x14 CMakeFiles/cpicom.dir/klib/src/string.c.obj
                0x000000001000d5a4                string_cstr
 .text.string_append
                0x000000001000d5b8       0x74 CMakeFiles/cpicom.dir/klib/src/string.c.obj
                0x000000001000d5b8                string_append
 .text.string_length
                0x000000001000d62c       0x32 CMakeFiles/cpicom.dir/klib/src/string.c.obj
                0x000000001000d62c                string_length
 .text.string_delete
                0x000000001000d65e       0x96 CMakeFiles/cpicom.dir/klib/src/string.c.obj
                0x000000001000d65e                string_delete
 .text.string_insert
                0x000000001000d6f4       0x80 CMakeFiles/cpicom.dir/klib/src/string.c.obj
                0x000000001000d6f4                string_insert
 .text.string_append_byte
                0x000000001000d774       0x32 CMakeFiles/cpicom.dir/klib/src/string.c.obj
                0x000000001000d774                string_append_byte
 *fill*         0x000000001000d7a6        0x2 
 .text.string_tok_append
                0x000000001000d7a8       0x54 CMakeFiles/cpicom.dir/klib/src/string.c.obj
                0x000000001000d7a8                string_tok_append
 .text.string_tokenize
                0x000000001000d7fc      0x3ec CMakeFiles/cpicom.dir/klib/src/string.c.obj
                0x000000001000d7fc                string_tokenize
 .text.string_insert_c_at
                0x000000001000dbe8       0x30 CMakeFiles/cpicom.dir/klib/src/string.c.obj
                0x000000001000dbe8                string_insert_c_at
 .text.string_delete_c_at
                0x000000001000dc18       0x1e CMakeFiles/cpicom.dir/klib/src/string.c.obj
                0x000000001000dc18                string_delete_c_at
 *fill*         0x000000001000dc36        0x2 
 .text.string_to_upper
                0x000000001000dc38       0x60 CMakeFiles/cpicom.dir/klib/src/string.c.obj
                0x000000001000dc38                string_to_upper
 .text.write_log
                0x000000001000dc98       0x58 CMakeFiles/cpicom.dir/ymodem/src/ymodem.c.obj
 .text.my_sleep_ms
                0x000000001000dcf0       0x18 CMakeFiles/cpicom.dir/ymodem/src/ymodem.c.obj
 .text.ymodem_crc16
                0x000000001000dd08       0x94 CMakeFiles/cpicom.dir/ymodem/src/ymodem.c.obj
 .text.ymodem_read_32
                0x000000001000dd9c       0x7a CMakeFiles/cpicom.dir/ymodem/src/ymodem.c.obj
 *fill*         0x000000001000de16        0x2 
 .text.ymodem_rx_packet
                0x000000001000de18      0x1f8 CMakeFiles/cpicom.dir/ymodem/src/ymodem.c.obj
 .text.ymodem_receive
                0x000000001000e010      0x580 CMakeFiles/cpicom.dir/ymodem/src/ymodem.c.obj
                0x000000001000e010                ymodem_receive
 .text.ymodem_writeU32
                0x000000001000e590       0xb0 CMakeFiles/cpicom.dir/ymodem/src/ymodem.c.obj
 .text.ymodem_send_packet
                0x000000001000e640      0x104 CMakeFiles/cpicom.dir/ymodem/src/ymodem.c.obj
 .text.ymodem_send_packet0
                0x000000001000e744       0xae CMakeFiles/cpicom.dir/ymodem/src/ymodem.c.obj
 *fill*         0x000000001000e7f2        0x2 
 .text.ymodem_send_data_packets
                0x000000001000e7f4      0x148 CMakeFiles/cpicom.dir/ymodem/src/ymodem.c.obj
 .text.ymodem_send_data
                0x000000001000e93c      0x19c CMakeFiles/cpicom.dir/ymodem/src/ymodem.c.obj
                0x000000001000e93c                ymodem_send_data
 .text.ymodem_send
                0x000000001000ead8       0x6e CMakeFiles/cpicom.dir/ymodem/src/ymodem.c.obj
                0x000000001000ead8                ymodem_send
 *fill*         0x000000001000eb46        0x2 
 .text.ymodem_strerror
                0x000000001000eb48       0x6c CMakeFiles/cpicom.dir/ymodem/src/ymodem.c.obj
                0x000000001000eb48                ymodem_strerror
 .text.killprompt
                0x000000001000ebb4       0x4c CMakeFiles/cpicom.dir/cpm/src/bdos.c.obj
 .text.rdcmdline
                0x000000001000ec00      0x108 CMakeFiles/cpicom.dir/cpm/src/bdos.c.obj
                0x000000001000ec00                rdcmdline
 .text.FCB_to_filename
                0x000000001000ed08      0x114 CMakeFiles/cpicom.dir/cpm/src/bdos.c.obj
 .text.FCB_to_ufilename
                0x000000001000ee1c      0x114 CMakeFiles/cpicom.dir/cpm/src/bdos.c.obj
 .text.cleanupfp
                0x000000001000ef30       0x90 CMakeFiles/cpicom.dir/cpm/src/bdos.c.obj
                0x000000001000ef30                cleanupfp
 .text.storefp  0x000000001000efc0      0x118 CMakeFiles/cpicom.dir/cpm/src/bdos.c.obj
 .text.lookfp   0x000000001000f0d8      0x10c CMakeFiles/cpicom.dir/cpm/src/bdos.c.obj
 .text.fcberr   0x000000001000f1e4       0xb0 CMakeFiles/cpicom.dir/cpm/src/bdos.c.obj
 .text.getfp    0x000000001000f294       0x36 CMakeFiles/cpicom.dir/cpm/src/bdos.c.obj
 *fill*         0x000000001000f2ca        0x2 
 .text.delfp    0x000000001000f2cc       0x6c CMakeFiles/cpicom.dir/cpm/src/bdos.c.obj
 .text.bdos_decode
                0x000000001000f338      0x154 CMakeFiles/cpicom.dir/cpm/src/bdos.c.obj
                0x000000001000f338                bdos_decode
 .text.bdos_fcb
                0x000000001000f48c       0x60 CMakeFiles/cpicom.dir/cpm/src/bdos.c.obj
                0x000000001000f48c                bdos_fcb
 .text.bdos_fcb_dump
                0x000000001000f4ec      0x280 CMakeFiles/cpicom.dir/cpm/src/bdos.c.obj
                0x000000001000f4ec                bdos_fcb_dump
 .text.fixrc    0x000000001000f76c       0xf8 CMakeFiles/cpicom.dir/cpm/src/bdos.c.obj
                0x000000001000f76c                fixrc
 .text.check_BDOS_hook
                0x000000001000f864     0x190c CMakeFiles/cpicom.dir/cpm/src/bdos.c.obj
                0x000000001000f864                check_BDOS_hook
 .text.closeall
                0x0000000010011170       0x4c CMakeFiles/cpicom.dir/cpm/src/bios.c.obj
 .text.warmboot
                0x00000000100111bc      0x958 CMakeFiles/cpicom.dir/cpm/src/bios.c.obj
                0x00000000100111bc                warmboot
 .text.boot     0x0000000010011b14       0x20 CMakeFiles/cpicom.dir/cpm/src/bios.c.obj
 .text.sysreset
                0x0000000010011b34       0x18 CMakeFiles/cpicom.dir/cpm/src/bios.c.obj
                0x0000000010011b34                sysreset
 .text.consstat
                0x0000000010011b4c       0x38 CMakeFiles/cpicom.dir/cpm/src/bios.c.obj
 .text.consin   0x0000000010011b84       0x50 CMakeFiles/cpicom.dir/cpm/src/bios.c.obj
 .text.consout  0x0000000010011bd4       0x34 CMakeFiles/cpicom.dir/cpm/src/bios.c.obj
 .text.list     0x0000000010011c08       0x7c CMakeFiles/cpicom.dir/cpm/src/bios.c.obj
 .text.punch    0x0000000010011c84       0x10 CMakeFiles/cpicom.dir/cpm/src/bios.c.obj
 .text.reader   0x0000000010011c94       0x1a CMakeFiles/cpicom.dir/cpm/src/bios.c.obj
 .text.home     0x0000000010011cae       0x20 CMakeFiles/cpicom.dir/cpm/src/bios.c.obj
 *fill*         0x0000000010011cce        0x2 
 .text.realizedisk
                0x0000000010011cd0      0x1bc CMakeFiles/cpicom.dir/cpm/src/bios.c.obj
 .text.seldisc  0x0000000010011e8c       0xd0 CMakeFiles/cpicom.dir/cpm/src/bios.c.obj
 .text.settrack
                0x0000000010011f5c       0x7c CMakeFiles/cpicom.dir/cpm/src/bios.c.obj
 .text.setsector
                0x0000000010011fd8       0x78 CMakeFiles/cpicom.dir/cpm/src/bios.c.obj
 .text.setdma   0x0000000010012050       0x30 CMakeFiles/cpicom.dir/cpm/src/bios.c.obj
 .text.rdsector
                0x0000000010012080      0x138 CMakeFiles/cpicom.dir/cpm/src/bios.c.obj
 .text.wrsector
                0x00000000100121b8      0x224 CMakeFiles/cpicom.dir/cpm/src/bios.c.obj
 .text.secttran
                0x00000000100123dc       0x7c CMakeFiles/cpicom.dir/cpm/src/bios.c.obj
 .text.liststat
                0x0000000010012458       0x1a CMakeFiles/cpicom.dir/cpm/src/bios.c.obj
 .text.addr2int
                0x0000000010012472       0x3c CMakeFiles/cpicom.dir/cpm/src/bios.c.obj
 .text.int2addr
                0x00000000100124ae       0x46 CMakeFiles/cpicom.dir/cpm/src/bios.c.obj
 .text.cpm_file_alloc
                0x00000000100124f4       0x44 CMakeFiles/cpicom.dir/cpm/src/bios.c.obj
                0x00000000100124f4                cpm_file_alloc
 .text.cpm_file_get
                0x0000000010012538       0x2c CMakeFiles/cpicom.dir/cpm/src/bios.c.obj
                0x0000000010012538                cpm_file_get
 .text.cpm_file_free
                0x0000000010012564       0x50 CMakeFiles/cpicom.dir/cpm/src/bios.c.obj
                0x0000000010012564                cpm_file_free
 .text.openunix
                0x00000000100125b4      0x1ac CMakeFiles/cpicom.dir/cpm/src/bios.c.obj
 .text.createunix
                0x0000000010012760      0x190 CMakeFiles/cpicom.dir/cpm/src/bios.c.obj
 .text.rdunix   0x00000000100128f0      0x12c CMakeFiles/cpicom.dir/cpm/src/bios.c.obj
 .text.wrunix   0x0000000010012a1c      0x10a CMakeFiles/cpicom.dir/cpm/src/bios.c.obj
 .text.closeunix
                0x0000000010012b26       0x4a CMakeFiles/cpicom.dir/cpm/src/bios.c.obj
 .text.finish   0x0000000010012b70       0x1c CMakeFiles/cpicom.dir/cpm/src/bios.c.obj
                0x0000000010012b70                finish
 .text.dotime   0x0000000010012b8c      0x1b4 CMakeFiles/cpicom.dir/cpm/src/bios.c.obj
 .text.bios     0x0000000010012d40       0x44 CMakeFiles/cpicom.dir/cpm/src/bios.c.obj
                0x0000000010012d40                bios
 .text.input    0x0000000010012d84      0x100 CMakeFiles/cpicom.dir/cpm/src/intf.c.obj
                0x0000000010012d84                input
 .text.output   0x0000000010012e84       0xac CMakeFiles/cpicom.dir/cpm/src/intf.c.obj
                0x0000000010012e84                output
 .text.haltcpu  0x0000000010012f30       0x54 CMakeFiles/cpicom.dir/cpm/src/intf.c.obj
                0x0000000010012f30                haltcpu
 .text.undefinstr
                0x0000000010012f84       0x34 CMakeFiles/cpicom.dir/cpm/src/intf.c.obj
                0x0000000010012f84                undefinstr
 .text.getdrive
                0x0000000010012fb8       0x18 CMakeFiles/cpicom.dir/cpm/src/intf.c.obj
                0x0000000010012fb8                getdrive
 .text.setdrive
                0x0000000010012fd0       0x22 CMakeFiles/cpicom.dir/cpm/src/intf.c.obj
                0x0000000010012fd0                setdrive
 *fill*         0x0000000010012ff2        0x2 
 .text.cpm_runprog
                0x0000000010012ff4       0xc0 CMakeFiles/cpicom.dir/cpm/src/intf.c.obj
                0x0000000010012ff4                cpm_runprog
 .text.constat  0x00000000100130b4       0x24 CMakeFiles/cpicom.dir/cpm/src/vt.c.obj
                0x00000000100130b4                constat
 .text.kget     0x00000000100130d8       0x32 CMakeFiles/cpicom.dir/cpm/src/vt.c.obj
                0x00000000100130d8                kget
 .text.putch    0x000000001001310a       0x20 CMakeFiles/cpicom.dir/cpm/src/vt.c.obj
                0x000000001001310a                putch
 .text.putmes   0x000000001001312a       0x20 CMakeFiles/cpicom.dir/cpm/src/vt.c.obj
                0x000000001001312a                putmes
 *fill*         0x000000001001314a        0x2 
 .text.vt52     0x000000001001314c      0x340 CMakeFiles/cpicom.dir/cpm/src/vt.c.obj
                0x000000001001314c                vt52
 .text.z80_emulator
                0x000000001001348c     0x6e58 CMakeFiles/cpicom.dir/cpm/src/z80.c.obj
                0x000000001001348c                z80_emulator
 .text.init_z80info
                0x000000001001a2e4      0x1b4 CMakeFiles/cpicom.dir/cpm/src/z80.c.obj
                0x000000001001a2e4                init_z80info
 .text.destroy_z80info
                0x000000001001a498       0x12 CMakeFiles/cpicom.dir/cpm/src/z80.c.obj
                0x000000001001a498                destroy_z80info
 *fill*         0x000000001001a4aa        0x2 
 .text.new_z80info
                0x000000001001a4ac       0x4c CMakeFiles/cpicom.dir/cpm/src/z80.c.obj
                0x000000001001a4ac                new_z80info
 .text.delete_z80info
                0x000000001001a4f8       0x28 CMakeFiles/cpicom.dir/cpm/src/z80.c.obj
                0x000000001001a4f8                delete_z80info
 .text.config_create
                0x000000001001a520       0x34 CMakeFiles/cpicom.dir/picocpm/src/config.c.obj
                0x000000001001a520                config_create
 .text.config_destroy
                0x000000001001a554       0x2c CMakeFiles/cpicom.dir/picocpm/src/config.c.obj
                0x000000001001a554                config_destroy
 .text.picocpm_create
                0x000000001001a580       0x24 CMakeFiles/cpicom.dir/picocpm/src/picocpm.c.obj
                0x000000001001a580                picocpm_create
 .text.picocpm_set_console_params
                0x000000001001a5a4       0x18 CMakeFiles/cpicom.dir/picocpm/src/picocpm.c.obj
                0x000000001001a5a4                picocpm_set_console_params
 .text.picocpm_destroy
                0x000000001001a5bc       0x28 CMakeFiles/cpicom.dir/picocpm/src/picocpm.c.obj
                0x000000001001a5bc                picocpm_destroy
 .text.picocpm_interrupt_handler
                0x000000001001a5e4       0x2c CMakeFiles/cpicom.dir/picocpm/src/picocpm.c.obj
 .text.picocpm_run
                0x000000001001a610      0x15c CMakeFiles/cpicom.dir/picocpm/src/picocpm.c.obj
                0x000000001001a610                picocpm_run
 .text.picocpm_get_config
                0x000000001001a76c       0x14 CMakeFiles/cpicom.dir/picocpm/src/picocpm.c.obj
                0x000000001001a76c                picocpm_get_config
 .text.main     0x000000001001a780      0x318 CMakeFiles/cpicom.dir/main/main.c.obj
                0x000000001001a780                main
 .text.__dmb    0x000000001001aa98        0xe CMakeFiles/cpicom.dir/home/kevin/lib/pico/pico-sdk/src/rp2_common/hardware_claim/claim.c.obj
 .text.__mem_fence_acquire
                0x000000001001aaa6        0xe CMakeFiles/cpicom.dir/home/kevin/lib/pico/pico-sdk/src/rp2_common/hardware_claim/claim.c.obj
 .text.__mem_fence_release
                0x000000001001aab4        0xe CMakeFiles/cpicom.dir/home/kevin/lib/pico/pico-sdk/src/rp2_common/hardware_claim/claim.c.obj
 .text.save_and_disable_interrupts
                0x000000001001aac2       0x18 CMakeFiles/cpicom.dir/home/kevin/lib/pico/pico-sdk/src/rp2_common/hardware_claim/claim.c.obj
 .text.restore_interrupts
                0x000000001001aada       0x16 CMakeFiles/cpicom.dir/home/kevin/lib/pico/pico-sdk/src/rp2_common/hardware_claim/claim.c.obj
 .text.spin_lock_instance
                0x000000001001aaf0       0x20 CMakeFiles/cpicom.dir/home/kevin/lib/pico/pico-sdk/src/rp2_common/hardware_claim/claim.c.obj
 .text.spin_lock_unsafe_blocking
                0x000000001001ab10       0x24 CMakeFiles/cpicom.dir/home/kevin/lib/pico/pico-sdk/src/rp2_common/hardware_claim/claim.c.obj
 .text.spin_unlock_unsafe
                0x000000001001ab34       0x1a CMakeFiles/cpicom.dir/home/kevin/lib/pico/pico-sdk/src/rp2_common/hardware_claim/claim.c.obj
 .text.spin_lock_blocking
                0x000000001001ab4e       0x22 CMakeFiles/cpicom.dir/home/kevin/lib/pico/pico-sdk/src/rp2_common/hardware_claim/claim.c.obj
 .text.spin_unlock
                0x000000001001ab70       0x22 CMakeFiles/cpicom.dir/home/kevin/lib/pico/pico-sdk/src/rp2_common/hardware_claim/claim.c.obj
 .text.hw_claim_lock
                0x000000001001ab92       0x1a CMakeFiles/cpicom.dir/home/kevin/lib/pico/pico-sdk/src/rp2_common/hardware_claim/claim.c.obj
                0x000000001001ab92                hw_claim_lock
 .text.hw_claim_unlock
                0x000000001001abac       0x22 CMakeFiles/cpicom.dir/home/kevin/lib/pico/pico-sdk/src/rp2_common/hardware_claim/claim.c.obj
                0x000000001001abac                hw_claim_unlock
 .text.hw_claim_or_assert
                0x000000001001abce       0x72 CMakeFiles/cpicom.dir/home/kevin/lib/pico/pico-sdk/src/rp2_common/hardware_claim/claim.c.obj
                0x000000001001abce                hw_claim_or_assert
 .text.hw_claim_unused_from_range
                0x000000001001ac40       0xa8 CMakeFiles/cpicom.dir/home/kevin/lib/pico/pico-sdk/src/rp2_common/hardware_claim/claim.c.obj
                0x000000001001ac40                hw_claim_unused_from_range
 .text.__dmb    0x000000001001ace8        0xe CMakeFiles/cpicom.dir/home/kevin/lib/pico/pico-sdk/src/rp2_common/hardware_sync/sync.c.obj
 .text.__mem_fence_release
                0x000000001001acf6        0xe CMakeFiles/cpicom.dir/home/kevin/lib/pico/pico-sdk/src/rp2_common/hardware_sync/sync.c.obj
 .text.spin_lock_instance
                0x000000001001ad04       0x20 CMakeFiles/cpicom.dir/home/kevin/lib/pico/pico-sdk/src/rp2_common/hardware_sync/sync.c.obj
 .text.spin_unlock_unsafe
                0x000000001001ad24       0x1a CMakeFiles/cpicom.dir/home/kevin/lib/pico/pico-sdk/src/rp2_common/hardware_sync/sync.c.obj
 .text.spin_locks_reset
                0x000000001001ad3e       0x30 CMakeFiles/cpicom.dir/home/kevin/lib/pico/pico-sdk/src/rp2_common/hardware_sync/sync.c.obj
                0x000000001001ad3e                spin_locks_reset
 *fill*         0x000000001001ad6e        0x2 
 .text.next_striped_spin_lock_num
                0x000000001001ad70       0x30 CMakeFiles/cpicom.dir/home/kevin/lib/pico/pico-sdk/src/rp2_common/hardware_sync/sync.c.obj
                0x000000001001ad70                next_striped_spin_lock_num
 .text.spin_lock_claim_unused
                0x000000001001ada0       0x30 CMakeFiles/cpicom.dir/home/kevin/lib/pico/pico-sdk/src/rp2_common/hardware_sync/sync.c.obj
                0x000000001001ada0                spin_lock_claim_unused
 .text.running_on_fpga
                0x000000001001add0       0x1c CMakeFiles/cpicom.dir/home/kevin/lib/pico/pico-sdk/src/rp2_common/pico_platform/platform.c.obj
                0x000000001001add0                running_on_fpga
 .text.to_us_since_boot
                0x000000001001adec       0x18 CMakeFiles/cpicom.dir/home/kevin/lib/pico/pico-sdk/src/common/pico_time/time.c.obj
 .text.update_us_since_boot
                0x000000001001ae04       0x1e CMakeFiles/cpicom.dir/home/kevin/lib/pico/pico-sdk/src/common/pico_time/time.c.obj
 .text.tight_loop_contents
                0x000000001001ae22        0xa CMakeFiles/cpicom.dir/home/kevin/lib/pico/pico-sdk/src/common/pico_time/time.c.obj
 .text.time_reached
                0x000000001001ae2c       0x64 CMakeFiles/cpicom.dir/home/kevin/lib/pico/pico-sdk/src/common/pico_time/time.c.obj
 .text.get_absolute_time
                0x000000001001ae90       0x28 CMakeFiles/cpicom.dir/home/kevin/lib/pico/pico-sdk/src/common/pico_time/time.c.obj
 .text.delayed_by_us
                0x000000001001aeb8       0x74 CMakeFiles/cpicom.dir/home/kevin/lib/pico/pico-sdk/src/common/pico_time/time.c.obj
 .text.make_timeout_time_us
                0x000000001001af2c       0x28 CMakeFiles/cpicom.dir/home/kevin/lib/pico/pico-sdk/src/common/pico_time/time.c.obj
 .text.absolute_time_diff_us
                0x000000001001af54       0x40 CMakeFiles/cpicom.dir/home/kevin/lib/pico/pico-sdk/src/common/pico_time/time.c.obj
 .text.add_alarm_at
                0x000000001001af94       0x3c CMakeFiles/cpicom.dir/home/kevin/lib/pico/pico-sdk/src/common/pico_time/time.c.obj
 .text.cancel_alarm
                0x000000001001afd0       0x22 CMakeFiles/cpicom.dir/home/kevin/lib/pico/pico-sdk/src/common/pico_time/time.c.obj
 *fill*         0x000000001001aff2        0x2 
 .text.ph_get_node
                0x000000001001aff4       0x54 CMakeFiles/cpicom.dir/home/kevin/lib/pico/pico-sdk/src/common/pico_time/time.c.obj
 .text.ph_add_child_node
                0x000000001001b048       0xc4 CMakeFiles/cpicom.dir/home/kevin/lib/pico/pico-sdk/src/common/pico_time/time.c.obj
 .text.ph_merge_nodes
                0x000000001001b10c       0x7e CMakeFiles/cpicom.dir/home/kevin/lib/pico/pico-sdk/src/common/pico_time/time.c.obj
 .text.ph_new_node
                0x000000001001b18a       0x6a CMakeFiles/cpicom.dir/home/kevin/lib/pico/pico-sdk/src/common/pico_time/time.c.obj
 .text.ph_insert_node
                0x000000001001b1f4       0x7c CMakeFiles/cpicom.dir/home/kevin/lib/pico/pico-sdk/src/common/pico_time/time.c.obj
 .text.ph_peek_head
                0x000000001001b270       0x14 CMakeFiles/cpicom.dir/home/kevin/lib/pico/pico-sdk/src/common/pico_time/time.c.obj
 .text.ph_contains_node
                0x000000001001b284       0x46 CMakeFiles/cpicom.dir/home/kevin/lib/pico/pico-sdk/src/common/pico_time/time.c.obj
 *fill*         0x000000001001b2ca        0x2 
 .text.ph_free_node
                0x000000001001b2cc       0x70 CMakeFiles/cpicom.dir/home/kevin/lib/pico/pico-sdk/src/common/pico_time/time.c.obj
 .text.__sev    0x000000001001b33c        0xc CMakeFiles/cpicom.dir/home/kevin/lib/pico/pico-sdk/src/common/pico_time/time.c.obj
 .text.__wfe    0x000000001001b348        0xc CMakeFiles/cpicom.dir/home/kevin/lib/pico/pico-sdk/src/common/pico_time/time.c.obj
 .text.__dmb    0x000000001001b354        0xe CMakeFiles/cpicom.dir/home/kevin/lib/pico/pico-sdk/src/common/pico_time/time.c.obj
 .text.__mem_fence_acquire
                0x000000001001b362        0xe CMakeFiles/cpicom.dir/home/kevin/lib/pico/pico-sdk/src/common/pico_time/time.c.obj
 .text.__mem_fence_release
                0x000000001001b370        0xe CMakeFiles/cpicom.dir/home/kevin/lib/pico/pico-sdk/src/common/pico_time/time.c.obj
 .text.save_and_disable_interrupts
                0x000000001001b37e       0x18 CMakeFiles/cpicom.dir/home/kevin/lib/pico/pico-sdk/src/common/pico_time/time.c.obj
 .text.restore_interrupts
                0x000000001001b396       0x16 CMakeFiles/cpicom.dir/home/kevin/lib/pico/pico-sdk/src/common/pico_time/time.c.obj
 .text.spin_lock_instance
                0x000000001001b3ac       0x20 CMakeFiles/cpicom.dir/home/kevin/lib/pico/pico-sdk/src/common/pico_time/time.c.obj
 .text.spin_lock_unsafe_blocking
                0x000000001001b3cc       0x24 CMakeFiles/cpicom.dir/home/kevin/lib/pico/pico-sdk/src/common/pico_time/time.c.obj
 .text.spin_unlock_unsafe
                0x000000001001b3f0       0x1a CMakeFiles/cpicom.dir/home/kevin/lib/pico/pico-sdk/src/common/pico_time/time.c.obj
 .text.spin_lock_blocking
                0x000000001001b40a       0x22 CMakeFiles/cpicom.dir/home/kevin/lib/pico/pico-sdk/src/common/pico_time/time.c.obj
 .text.spin_unlock
                0x000000001001b42c       0x22 CMakeFiles/cpicom.dir/home/kevin/lib/pico/pico-sdk/src/common/pico_time/time.c.obj
 *fill*         0x000000001001b44e        0x2 
 .text.default_alarm_pool_initialized
                0x000000001001b450       0x18 CMakeFiles/cpicom.dir/home/kevin/lib/pico/pico-sdk/src/common/pico_time/time.c.obj
 .text.get_entry
                0x000000001001b468       0x5c CMakeFiles/cpicom.dir/home/kevin/lib/pico/pico-sdk/src/common/pico_time/time.c.obj
 .text.get_entry_id_high
                0x000000001001b4c4       0x50 CMakeFiles/cpicom.dir/home/kevin/lib/pico/pico-sdk/src/common/pico_time/time.c.obj
 .text.timer_pool_entry_comparator
                0x000000001001b514       0x76 CMakeFiles/cpicom.dir/home/kevin/lib/pico/pico-sdk/src/common/pico_time/time.c.obj
                0x000000001001b514                timer_pool_entry_comparator
 .text.make_public_id
                0x000000001001b58a       0x26 CMakeFiles/cpicom.dir/home/kevin/lib/pico/pico-sdk/src/common/pico_time/time.c.obj
 .text.alarm_pool_init_default
                0x000000001001b5b0       0x3c CMakeFiles/cpicom.dir/home/kevin/lib/pico/pico-sdk/src/common/pico_time/time.c.obj
                0x000000001001b5b0                alarm_pool_init_default
 .text.alarm_pool_get_default
                0x000000001001b5ec       0x30 CMakeFiles/cpicom.dir/home/kevin/lib/pico/pico-sdk/src/common/pico_time/time.c.obj
                0x000000001001b5ec                alarm_pool_get_default
 .text.add_alarm_under_lock
                0x000000001001b61c      0x13c CMakeFiles/cpicom.dir/home/kevin/lib/pico/pico-sdk/src/common/pico_time/time.c.obj
 .text.alarm_pool_alarm_callback
                0x000000001001b758      0x2f0 CMakeFiles/cpicom.dir/home/kevin/lib/pico/pico-sdk/src/common/pico_time/time.c.obj
 .text.alarm_pool_post_alloc_init
                0x000000001001ba48       0x5c CMakeFiles/cpicom.dir/home/kevin/lib/pico/pico-sdk/src/common/pico_time/time.c.obj
 .text.alarm_pool_add_alarm_at
                0x000000001001baa4      0x146 CMakeFiles/cpicom.dir/home/kevin/lib/pico/pico-sdk/src/common/pico_time/time.c.obj
                0x000000001001baa4                alarm_pool_add_alarm_at
 *fill*         0x000000001001bbea        0x2 
 .text.alarm_pool_cancel_alarm
                0x000000001001bbec       0xe8 CMakeFiles/cpicom.dir/home/kevin/lib/pico/pico-sdk/src/common/pico_time/time.c.obj
                0x000000001001bbec                alarm_pool_cancel_alarm
 .text.sev_callback
                0x000000001001bcd4       0x1c CMakeFiles/cpicom.dir/home/kevin/lib/pico/pico-sdk/src/common/pico_time/time.c.obj
 .text.sleep_until
                0x000000001001bcf0       0xe0 CMakeFiles/cpicom.dir/home/kevin/lib/pico/pico-sdk/src/common/pico_time/time.c.obj
                0x000000001001bcf0                sleep_until
 .text.sleep_us
                0x000000001001bdd0       0x2a CMakeFiles/cpicom.dir/home/kevin/lib/pico/pico-sdk/src/common/pico_time/time.c.obj
                0x000000001001bdd0                sleep_us
 .text.sleep_ms
                0x000000001001bdfa       0x32 CMakeFiles/cpicom.dir/home/kevin/lib/pico/pico-sdk/src/common/pico_time/time.c.obj
                0x000000001001bdfa                sleep_ms
 .text.best_effort_wfe_or_timeout
                0x000000001001be2c       0x60 CMakeFiles/cpicom.dir/home/kevin/lib/pico/pico-sdk/src/common/pico_time/time.c.obj
                0x000000001001be2c                best_effort_wfe_or_timeout
 .text.to_us_since_boot
                0x000000001001be8c       0x18 CMakeFiles/cpicom.dir/home/kevin/lib/pico/pico-sdk/src/rp2_common/hardware_timer/timer.c.obj
 .text.tight_loop_contents
                0x000000001001bea4        0xa CMakeFiles/cpicom.dir/home/kevin/lib/pico/pico-sdk/src/rp2_common/hardware_timer/timer.c.obj
 .text.hw_set_bits
                0x000000001001beae       0x1e CMakeFiles/cpicom.dir/home/kevin/lib/pico/pico-sdk/src/rp2_common/hardware_timer/timer.c.obj
 .text.check_hardware_alarm_num_param
                0x000000001001becc       0x10 CMakeFiles/cpicom.dir/home/kevin/lib/pico/pico-sdk/src/rp2_common/hardware_timer/timer.c.obj
 .text.__dmb    0x000000001001bedc        0xe CMakeFiles/cpicom.dir/home/kevin/lib/pico/pico-sdk/src/rp2_common/hardware_timer/timer.c.obj
 .text.__mem_fence_acquire
                0x000000001001beea        0xe CMakeFiles/cpicom.dir/home/kevin/lib/pico/pico-sdk/src/rp2_common/hardware_timer/timer.c.obj
 .text.__mem_fence_release
                0x000000001001bef8        0xe CMakeFiles/cpicom.dir/home/kevin/lib/pico/pico-sdk/src/rp2_common/hardware_timer/timer.c.obj
 .text.save_and_disable_interrupts
                0x000000001001bf06       0x18 CMakeFiles/cpicom.dir/home/kevin/lib/pico/pico-sdk/src/rp2_common/hardware_timer/timer.c.obj
 .text.restore_interrupts
                0x000000001001bf1e       0x16 CMakeFiles/cpicom.dir/home/kevin/lib/pico/pico-sdk/src/rp2_common/hardware_timer/timer.c.obj
 .text.spin_lock_instance
                0x000000001001bf34       0x20 CMakeFiles/cpicom.dir/home/kevin/lib/pico/pico-sdk/src/rp2_common/hardware_timer/timer.c.obj
 .text.spin_lock_unsafe_blocking
                0x000000001001bf54       0x24 CMakeFiles/cpicom.dir/home/kevin/lib/pico/pico-sdk/src/rp2_common/hardware_timer/timer.c.obj
 .text.spin_unlock_unsafe
                0x000000001001bf78       0x1a CMakeFiles/cpicom.dir/home/kevin/lib/pico/pico-sdk/src/rp2_common/hardware_timer/timer.c.obj
 .text.spin_lock_blocking
                0x000000001001bf92       0x22 CMakeFiles/cpicom.dir/home/kevin/lib/pico/pico-sdk/src/rp2_common/hardware_timer/timer.c.obj
 .text.spin_unlock
                0x000000001001bfb4       0x22 CMakeFiles/cpicom.dir/home/kevin/lib/pico/pico-sdk/src/rp2_common/hardware_timer/timer.c.obj
 *fill*         0x000000001001bfd6        0x2 
 .text.hardware_alarm_claim
                0x000000001001bfd8       0x2c CMakeFiles/cpicom.dir/home/kevin/lib/pico/pico-sdk/src/rp2_common/hardware_timer/timer.c.obj
                0x000000001001bfd8                hardware_alarm_claim
 .text.time_us_64
                0x000000001001c004       0x60 CMakeFiles/cpicom.dir/home/kevin/lib/pico/pico-sdk/src/rp2_common/hardware_timer/timer.c.obj
                0x000000001001c004                time_us_64
 .text.busy_wait_until
                0x000000001001c064       0x70 CMakeFiles/cpicom.dir/home/kevin/lib/pico/pico-sdk/src/rp2_common/hardware_timer/timer.c.obj
                0x000000001001c064                busy_wait_until
 .text.harware_alarm_irq_number
                0x000000001001c0d4       0x12 CMakeFiles/cpicom.dir/home/kevin/lib/pico/pico-sdk/src/rp2_common/hardware_timer/timer.c.obj
 *fill*         0x000000001001c0e6        0x2 
 .text.hardware_alarm_irq_handler
                0x000000001001c0e8       0xd4 CMakeFiles/cpicom.dir/home/kevin/lib/pico/pico-sdk/src/rp2_common/hardware_timer/timer.c.obj
 .text.hardware_alarm_set_callback
                0x000000001001c1bc       0xdc CMakeFiles/cpicom.dir/home/kevin/lib/pico/pico-sdk/src/rp2_common/hardware_timer/timer.c.obj
                0x000000001001c1bc                hardware_alarm_set_callback
 .text.hardware_alarm_set_target
                0x000000001001c298      0x160 CMakeFiles/cpicom.dir/home/kevin/lib/pico/pico-sdk/src/rp2_common/hardware_timer/timer.c.obj
                0x000000001001c298                hardware_alarm_set_target
 .text.hardware_alarm_cancel
                0x000000001001c3f8       0x68 CMakeFiles/cpicom.dir/home/kevin/lib/pico/pico-sdk/src/rp2_common/hardware_timer/timer.c.obj
                0x000000001001c3f8                hardware_alarm_cancel
 .text.spin_lock_instance
                0x000000001001c460       0x20 CMakeFiles/cpicom.dir/home/kevin/lib/pico/pico-sdk/src/common/pico_sync/lock_core.c.obj
 .text.lock_init
                0x000000001001c480       0x20 CMakeFiles/cpicom.dir/home/kevin/lib/pico/pico-sdk/src/common/pico_sync/lock_core.c.obj
                0x000000001001c480                lock_init
 .text.to_us_since_boot
                0x000000001001c4a0       0x18 CMakeFiles/cpicom.dir/home/kevin/lib/pico/pico-sdk/src/common/pico_sync/mutex.c.obj
 .text.update_us_since_boot
                0x000000001001c4b8       0x1e CMakeFiles/cpicom.dir/home/kevin/lib/pico/pico-sdk/src/common/pico_sync/mutex.c.obj
 .text.__sev    0x000000001001c4d6        0xc CMakeFiles/cpicom.dir/home/kevin/lib/pico/pico-sdk/src/common/pico_sync/mutex.c.obj
 .text.__wfe    0x000000001001c4e2        0xc CMakeFiles/cpicom.dir/home/kevin/lib/pico/pico-sdk/src/common/pico_sync/mutex.c.obj
 .text.__dmb    0x000000001001c4ee        0xe CMakeFiles/cpicom.dir/home/kevin/lib/pico/pico-sdk/src/common/pico_sync/mutex.c.obj
 .text.__mem_fence_acquire
                0x000000001001c4fc        0xe CMakeFiles/cpicom.dir/home/kevin/lib/pico/pico-sdk/src/common/pico_sync/mutex.c.obj
 .text.__mem_fence_release
                0x000000001001c50a        0xe CMakeFiles/cpicom.dir/home/kevin/lib/pico/pico-sdk/src/common/pico_sync/mutex.c.obj
 .text.save_and_disable_interrupts
                0x000000001001c518       0x18 CMakeFiles/cpicom.dir/home/kevin/lib/pico/pico-sdk/src/common/pico_sync/mutex.c.obj
 .text.restore_interrupts
                0x000000001001c530       0x16 CMakeFiles/cpicom.dir/home/kevin/lib/pico/pico-sdk/src/common/pico_sync/mutex.c.obj
 .text.spin_lock_unsafe_blocking
                0x000000001001c546       0x24 CMakeFiles/cpicom.dir/home/kevin/lib/pico/pico-sdk/src/common/pico_sync/mutex.c.obj
 .text.spin_unlock_unsafe
                0x000000001001c56a       0x1a CMakeFiles/cpicom.dir/home/kevin/lib/pico/pico-sdk/src/common/pico_sync/mutex.c.obj
 .text.spin_lock_blocking
                0x000000001001c584       0x22 CMakeFiles/cpicom.dir/home/kevin/lib/pico/pico-sdk/src/common/pico_sync/mutex.c.obj
 .text.spin_unlock
                0x000000001001c5a6       0x22 CMakeFiles/cpicom.dir/home/kevin/lib/pico/pico-sdk/src/common/pico_sync/mutex.c.obj
 .text.get_core_num
                0x000000001001c5c8       0x10 CMakeFiles/cpicom.dir/home/kevin/lib/pico/pico-sdk/src/common/pico_sync/mutex.c.obj
 .text.get_absolute_time
                0x000000001001c5d8       0x28 CMakeFiles/cpicom.dir/home/kevin/lib/pico/pico-sdk/src/common/pico_sync/mutex.c.obj
 .text.delayed_by_ms
                0x000000001001c600       0x8c CMakeFiles/cpicom.dir/home/kevin/lib/pico/pico-sdk/src/common/pico_sync/mutex.c.obj
 .text.make_timeout_time_ms
                0x000000001001c68c       0x22 CMakeFiles/cpicom.dir/home/kevin/lib/pico/pico-sdk/src/common/pico_sync/mutex.c.obj
 .text.mutex_init
                0x000000001001c6ae       0x2a CMakeFiles/cpicom.dir/home/kevin/lib/pico/pico-sdk/src/common/pico_sync/mutex.c.obj
                0x000000001001c6ae                mutex_init
 .text.__dmb    0x000000001001c6d8        0xe CMakeFiles/cpicom.dir/home/kevin/lib/pico/pico-sdk/src/common/pico_sync/critical_section.c.obj
 .text.__mem_fence_release
                0x000000001001c6e6        0xe CMakeFiles/cpicom.dir/home/kevin/lib/pico/pico-sdk/src/common/pico_sync/critical_section.c.obj
 .text.critical_section_init
                0x000000001001c6f4       0x24 CMakeFiles/cpicom.dir/home/kevin/lib/pico/pico-sdk/src/common/pico_sync/critical_section.c.obj
                0x000000001001c6f4                critical_section_init
 .text.critical_section_init_with_lock_num
                0x000000001001c718       0x22 CMakeFiles/cpicom.dir/home/kevin/lib/pico/pico-sdk/src/common/pico_sync/critical_section.c.obj
                0x000000001001c718                critical_section_init_with_lock_num
 *fill*         0x000000001001c73a        0x2 
 .text.ph_get_node
                0x000000001001c73c       0x54 CMakeFiles/cpicom.dir/home/kevin/lib/pico/pico-sdk/src/common/pico_util/pheap.c.obj
 .text.ph_add_child_node
                0x000000001001c790       0xc4 CMakeFiles/cpicom.dir/home/kevin/lib/pico/pico-sdk/src/common/pico_util/pheap.c.obj
 .text.ph_merge_nodes
                0x000000001001c854       0x7e CMakeFiles/cpicom.dir/home/kevin/lib/pico/pico-sdk/src/common/pico_util/pheap.c.obj
 .text.ph_peek_head
                0x000000001001c8d2       0x14 CMakeFiles/cpicom.dir/home/kevin/lib/pico/pico-sdk/src/common/pico_util/pheap.c.obj
 .text.ph_remove_and_free_head
                0x000000001001c8e6       0x1c CMakeFiles/cpicom.dir/home/kevin/lib/pico/pico-sdk/src/common/pico_util/pheap.c.obj
 .text.ph_post_alloc_init
                0x000000001001c902       0x32 CMakeFiles/cpicom.dir/home/kevin/lib/pico/pico-sdk/src/common/pico_util/pheap.c.obj
                0x000000001001c902                ph_post_alloc_init
 .text.ph_clear
                0x000000001001c934       0x7a CMakeFiles/cpicom.dir/home/kevin/lib/pico/pico-sdk/src/common/pico_util/pheap.c.obj
                0x000000001001c934                ph_clear
 .text.ph_merge_two_pass
                0x000000001001c9ae       0xd0 CMakeFiles/cpicom.dir/home/kevin/lib/pico/pico-sdk/src/common/pico_util/pheap.c.obj
                0x000000001001c9ae                ph_merge_two_pass
 *fill*         0x000000001001ca7e        0x2 
 .text.ph_remove_any_head
                0x000000001001ca80      0x118 CMakeFiles/cpicom.dir/home/kevin/lib/pico/pico-sdk/src/common/pico_util/pheap.c.obj
 .text.ph_remove_head
                0x000000001001cb98       0x46 CMakeFiles/cpicom.dir/home/kevin/lib/pico/pico-sdk/src/common/pico_util/pheap.c.obj
                0x000000001001cb98                ph_remove_head
 *fill*         0x000000001001cbde        0x2 
 .text.ph_remove_and_free_node
                0x000000001001cbe0      0x154 CMakeFiles/cpicom.dir/home/kevin/lib/pico/pico-sdk/src/common/pico_util/pheap.c.obj
                0x000000001001cbe0                ph_remove_and_free_node
 .text.__breakpoint
                0x000000001001cd34        0xc CMakeFiles/cpicom.dir/home/kevin/lib/pico/pico-sdk/src/rp2_common/pico_runtime/runtime.c.obj
 .text.tight_loop_contents
                0x000000001001cd40        0xa CMakeFiles/cpicom.dir/home/kevin/lib/pico/pico-sdk/src/rp2_common/pico_runtime/runtime.c.obj
 .text.hw_set_bits
                0x000000001001cd4a       0x1e CMakeFiles/cpicom.dir/home/kevin/lib/pico/pico-sdk/src/rp2_common/pico_runtime/runtime.c.obj
 .text.hw_clear_bits
                0x000000001001cd68       0x1e CMakeFiles/cpicom.dir/home/kevin/lib/pico/pico-sdk/src/rp2_common/pico_runtime/runtime.c.obj
 *fill*         0x000000001001cd86        0x2 
 .text.reset_block
                0x000000001001cd88       0x20 CMakeFiles/cpicom.dir/home/kevin/lib/pico/pico-sdk/src/rp2_common/pico_runtime/runtime.c.obj
 .text.unreset_block_wait
                0x000000001001cda8       0x34 CMakeFiles/cpicom.dir/home/kevin/lib/pico/pico-sdk/src/rp2_common/pico_runtime/runtime.c.obj
 .text.runtime_init
                0x000000001001cddc       0xec CMakeFiles/cpicom.dir/home/kevin/lib/pico/pico-sdk/src/rp2_common/pico_runtime/runtime.c.obj
                0x000000001001cddc                runtime_init
 .text._exit    0x000000001001cec8        0xe CMakeFiles/cpicom.dir/home/kevin/lib/pico/pico-sdk/src/rp2_common/pico_runtime/runtime.c.obj
                0x000000001001cec8                _exit